Component: Arm Compiler for Embedded 6.21 Tool: armlink [5ec1fa00]

==============================================================================

Section Cross References

    startup_stm32f103xb.o(STACK) refers (Special) to heapauxi.o(.text) for __use_two_region_memory
    startup_stm32f103xb.o(HEAP) refers (Special) to heapauxi.o(.text) for __use_two_region_memory
    startup_stm32f103xb.o(RESET) refers (Special) to heapauxi.o(.text) for __use_two_region_memory
    startup_stm32f103xb.o(RESET) refers to startup_stm32f103xb.o(STACK) for __initial_sp
    startup_stm32f103xb.o(RESET) refers to startup_stm32f103xb.o(.text) for Reset_Handler
    startup_stm32f103xb.o(.text) refers (Special) to heapauxi.o(.text) for __use_two_region_memory
    startup_stm32f103xb.o(.text) refers to main.o(.text.SystemInit) for SystemInit
    startup_stm32f103xb.o(.text) refers to __main.o(!!!main) for __main
    startup_stm32f103xb.o(.text) refers to startup_stm32f103xb.o(HEAP) for Heap_Mem
    startup_stm32f103xb.o(.text) refers to startup_stm32f103xb.o(STACK) for Stack_Mem
    main.o(.ARM.exidx.text.get_flash_write_addr) refers to main.o(.text.get_flash_write_addr) for [Anonymous Symbol]
    main.o(.ARM.exidx.text.get_flash_ver) refers to main.o(.text.get_flash_ver) for [Anonymous Symbol]
    main.o(.text.print_uart) refers to sys.o(.text.fput_char) for fput_char
    main.o(.ARM.exidx.text.print_uart) refers to main.o(.text.print_uart) for [Anonymous Symbol]
    main.o(.text.scan_uart) refers to sys.o(.text.fget_char) for fget_char
    main.o(.ARM.exidx.text.scan_uart) refers to main.o(.text.scan_uart) for [Anonymous Symbol]
    main.o(.ARM.exidx.text.x_to_char) refers to main.o(.text.x_to_char) for [Anonymous Symbol]
    main.o(.text.fput_x) refers to main.o(.text.x_to_char) for x_to_char
    main.o(.text.fput_x) refers to sys.o(.text.fput_char) for fput_char
    main.o(.ARM.exidx.text.fput_x) refers to main.o(.text.fput_x) for [Anonymous Symbol]
    main.o(.text.print_x) refers to sys.o(.text.fput_char) for fput_char
    main.o(.text.print_x) refers to main.o(.text.fput_x) for fput_x
    main.o(.ARM.exidx.text.print_x) refers to main.o(.text.print_x) for [Anonymous Symbol]
    main.o(.text.print_u) refers to main.o(.text.fput_x) for fput_x
    main.o(.ARM.exidx.text.print_u) refers to main.o(.text.print_u) for [Anonymous Symbol]
    main.o(.text.print_d) refers to sys.o(.text.fput_char) for fput_char
    main.o(.text.print_d) refers to main.o(.text.print_u) for print_u
    main.o(.ARM.exidx.text.print_d) refers to main.o(.text.print_d) for [Anonymous Symbol]
    main.o(.text.xi_printf) refers to main.o(.text.print_d) for print_d
    main.o(.text.xi_printf) refers to main.o(.text.print_x) for print_x
    main.o(.text.xi_printf) refers to main.o(.text.print_u) for print_u
    main.o(.text.xi_printf) refers to sys.o(.text.fput_char) for fput_char
    main.o(.text.xi_printf) refers to main.o(.text.print_uart) for print_uart
    main.o(.text.xi_printf) refers to main.o(.rodata.str1.1) for .L.str
    main.o(.ARM.exidx.text.xi_printf) refers to main.o(.text.xi_printf) for [Anonymous Symbol]
    main.o(.ARM.exidx.text.scan_s) refers to main.o(.text.scan_s) for [Anonymous Symbol]
    main.o(.ARM.exidx.text.scan_c) refers to main.o(.text.scan_c) for [Anonymous Symbol]
    main.o(.ARM.exidx.text.scan_x) refers to main.o(.text.scan_x) for [Anonymous Symbol]
    main.o(.ARM.exidx.text.scan_u) refers to main.o(.text.scan_u) for [Anonymous Symbol]
    main.o(.text.scan_d) refers to main.o(.text.scan_u) for scan_u
    main.o(.ARM.exidx.text.scan_d) refers to main.o(.text.scan_d) for [Anonymous Symbol]
    main.o(.text.xi_scanf) refers to main.o(.data.read_str) for read_str
    main.o(.text.xi_scanf) refers to main.o(.text.scan_uart) for scan_uart
    main.o(.text.xi_scanf) refers to main.o(.text.scan_d) for scan_d
    main.o(.text.xi_scanf) refers to main.o(.text.scan_x) for scan_x
    main.o(.text.xi_scanf) refers to main.o(.text.scan_c) for scan_c
    main.o(.text.xi_scanf) refers to main.o(.text.scan_s) for scan_s
    main.o(.ARM.exidx.text.xi_scanf) refers to main.o(.text.xi_scanf) for [Anonymous Symbol]
    main.o(.text.sleep) refers to main.o(.rodata.str1.1) for .L.str.2
    main.o(.text.sleep) refers to printf.o(.text) for printf
    main.o(.text.sleep) refers to sys.o(.text.get_system_time) for get_system_time
    main.o(.ARM.exidx.text.sleep) refers to main.o(.text.sleep) for [Anonymous Symbol]
    main.o(.text.scan_calc_d) refers to main.o(.rodata.str1.1) for .L.str.4
    main.o(.text.scan_calc_d) refers to printf.o(.text) for printf
    main.o(.text.scan_calc_d) refers to main.o(.data.read_str) for read_str
    main.o(.text.scan_calc_d) refers to main.o(.text.scan_uart) for scan_uart
    main.o(.text.scan_calc_d) refers to sscanf.o(.text) for sscanf
    main.o(.ARM.exidx.text.scan_calc_d) refers to main.o(.text.scan_calc_d) for [Anonymous Symbol]
    main.o(.text.scan_calc_f) refers to main.o(.rodata.str1.1) for .L.str.15
[...]
    .L.str.3                                 0x08005e32   Data          11  main.o(.rodata.str1.1)
    .L.str.19                                0x08005e3d   Data          10  main.o(.rodata.str1.1)
    .L.str.17                                0x08005e47   Data          10  main.o(.rodata.str1.1)
    .L.str.18                                0x08005e51   Data          10  main.o(.rodata.str1.1)
    .L.str.20                                0x08005e5b   Data          10  main.o(.rodata.str1.1)
    .L.str.31                                0x08005e65   Data          20  main.o(.rodata.str1.1)
    .L.str.48                                0x08005e79   Data          37  main.o(.rodata.str1.1)
    .L.str.2                                 0x08005ebc   Data          22  main.o(.rodata.str1.1)
    .L.str.49                                0x08005ed2   Data          20  main.o(.rodata.str1.1)
    .L.str.32                                0x08005ee8   Data          24  main.o(.rodata.str1.1)
    .L.str.34                                0x08005f00   Data          25  main.o(.rodata.str1.1)
    .L.str.36                                0x08005f19   Data          25  main.o(.rodata.str1.1)
    .L.str.38                                0x08005f32   Data          24  main.o(.rodata.str1.1)
    .L.str.21                                0x08005f78   Data          25  main.o(.rodata.str1.1)
    .L.str.16                                0x08005f89   Data           8  main.o(.rodata.str1.1)
    .L.str.40                                0x08005f90   Data          25  main.o(.rodata.str1.1)
    .L.str.41                                0x08005fa9   Data           7  main.o(.rodata.str1.1)
    .L.str.42                                0x08005fb0   Data           9  main.o(.rodata.str1.1)
    .L.str.43                                0x08005fb9   Data          13  main.o(.rodata.str1.1)
    .L.str.44                                0x08005fc6   Data           9  main.o(.rodata.str1.1)
    .L.str.23                                0x08005fcc   Data          19  main.o(.rodata.str1.1)
    .L.str.45                                0x08005fcf   Data           9  main.o(.rodata.str1.1)
    .L.str.46                                0x08005fd8   Data           9  main.o(.rodata.str1.1)
    .L.str.22                                0x08005fdf   Data          18  main.o(.rodata.str1.1)
    .L.str.29                                0x08005ff1   Data          17  main.o(.rodata.str1.1)
    .L.str.25                                0x08006002   Data          12  main.o(.rodata.str1.1)
    .L.str.27                                0x0800600e   Data          18  main.o(.rodata.str1.1)
    .L.str.5                                 0x08006020   Data           3  main.o(.rodata.str1.1)
    c$$dinf                                  0x08006044   Section        8  fpconst.o(c$$dinf)
    c$$dmax                                  0x0800604c   Section        8  fpconst.o(c$$dmax)
    locale$$data                             0x08006054   Section       28  lc_numeric_c.o(locale$$data)
    __lcnum_c_name                           0x08006058   Data           2  lc_numeric_c.o(locale$$data)
    __lcnum_c_start                          0x08006060   Data           0  lc_numeric_c.o(locale$$data)
    __lcnum_c_point                          0x0800606c   Data           0  lc_numeric_c.o(locale$$data)
    __lcnum_c_thousands                      0x0800606e   Data           0  lc_numeric_c.o(locale$$data)
    __lcnum_c_grouping                       0x0800606f   Data           0  lc_numeric_c.o(locale$$data)
    __lcnum_c_end                            0x08006070   Data           0  lc_numeric_c.o(locale$$data)
    locale$$data                             0x08006070   Section      272  lc_ctype_c.o(locale$$data)
    __lcctype_c_name                         0x08006074   Data           2  lc_ctype_c.o(locale$$data)
    __lcctype_c_start                        0x0800607c   Data           0  lc_ctype_c.o(locale$$data)
    __lcctype_c_end                          0x08006180   Data           0  lc_ctype_c.o(locale$$data)
    test_double.d_v1                         0x20000400   Data           8  main.o(.data.test_double.d_v1)
    [Anonymous Symbol]                       0x20000400   Section        0  main.o(.data.test_double.d_v1)
    test_double.d_v2                         0x20000408   Data           8  main.o(.data.test_double.d_v2)
    [Anonymous Symbol]                       0x20000408   Section        0  main.o(.data.test_double.d_v2)
    test_float.f_v1                          0x20000410   Data           4  main.o(.data.test_float.f_v1)
    [Anonymous Symbol]                       0x20000410   Section        0  main.o(.data.test_float.f_v1)
    test_float.f_v2                          0x20000414   Data           4  main.o(.data.test_float.f_v2)
    [Anonymous Symbol]                       0x20000414   Section        0  main.o(.data.test_float.f_v2)
    .bss                                     0x20000418   Section       96  libspace.o(.bss)
    main.flash_ver                           0x200004d0   Data           4  main.o(.bss.main.flash_ver)
    [Anonymous Symbol]                       0x200004d0   Section        0  main.o(.bss.main.flash_ver)
    main.index                               0x200004d4   Data           4  main.o(.bss.main.index)
    [Anonymous Symbol]                       0x200004d4   Section        0  main.o(.bss.main.index)
    test_double.d_c                          0x200004e0   Data           8  main.o(.bss.test_double.d_c)
    [Anonymous Symbol]                       0x200004e0   Section        0  main.o(.bss.test_double.d_c)
    test_double.d_v                          0x200004e8   Data           8  main.o(.bss.test_double.d_v)
    [Anonymous Symbol]                       0x200004e8   Section        0  main.o(.bss.test_double.d_v)
    test_double.str                          0x200004f0   Data          50  main.o(.bss.test_double.str)
    [Anonymous Symbol]                       0x200004f0   Section        0  main.o(.bss.test_double.str)
    test_float.f_c                           0x20000524   Data           4  main.o(.bss.test_float.f_c)
    [Anonymous Symbol]                       0x20000524   Section        0  main.o(.bss.test_float.f_c)
    test_float.f_v                           0x20000528   Data           4  main.o(.bss.test_float.f_v)
    [Anonymous Symbol]                       0x20000528   Section        0  main.o(.bss.test_float.f_v)
    Heap_Mem                                 0x20000530   Data           0  startup_stm32f103xb.o(HEAP)
    Stack_Mem                                0x20000530   Data        2048  startup_stm32f103xb.o(STACK)
    HEAP                                     0x20000530   Section        0  startup_stm32f103xb.o(HEAP)
    STACK                                    0x20000530   Section     2048  startup_stm32f103xb.o(STACK)
    __initial_sp                             0x20000d30   Data           0  startup_stm32f103xb.o(STACK)

    Global Symbols

    Symbol Name                              Value     Ov Type        Size  Object(Section)

    BuildAttributes$$THM_ISAv4$P$D$K$B$S$PE$A:L22UL41UL21$X:L11$S22US41US21$IEEE1$IW$~IW$USESV6$~STKCKD$USESV7$~SHL$OTIME$ROPI$IEEEX$EBA8$UX$STANDARDLIB$REQ8$PRES8$EABIv2 0x00000000   Number         0  anon$$obj.o ABSOLUTE
    __fp_init_empty                          0x00000000   Number         0  fpinit_empty.o ABSOLUTE
    _printf_flags                            0x00000000   Number         0  printf_stubs.o ABSOLUTE
    _printf_return_value                     0x00000000   Number         0  printf_stubs.o ABSOLUTE
    _printf_sizespec                         0x00000000   Number         0  printf_stubs.o ABSOLUTE
    _printf_widthprec                        0x00000000   Number         0  printf_stubs.o ABSOLUTE
    __ARM_exceptions_init                     - Undefined Weak Reference
    __alloca_initialize                       - Undefined Weak Reference
    __arm_preinit_                            - Undefined Weak Reference
    __arm_relocate_pie_                       - Undefined Weak Reference
    __cpp_initialize__aeabi_                  - Undefined Weak Reference
    __cxa_finalize                            - Undefined Weak Reference
    __sigvec_lookup                           - Undefined Weak Reference
    _atexit_init                              - Undefined Weak Reference
    _call_atexit_fns                          - Undefined Weak Reference
    _clock_init                               - Undefined Weak Reference
    _fp_trap_init                             - Undefined Weak Reference
    _fp_trap_shutdown                         - Undefined Weak Reference
    _get_lc_collate                           - Undefined Weak Reference
    _get_lc_monetary                          - Undefined Weak Reference
    _get_lc_time                              - Undefined Weak Reference
    _getenv_init                              - Undefined Weak Reference
    _handle_redirection                       - Undefined Weak Reference
    _init_alloc                               - Undefined Weak Reference
    _init_user_alloc                          - Undefined Weak Reference
    _initio                                   - Undefined Weak Reference
    _mutex_acquire                            - Undefined Weak Reference
    _mutex_release                            - Undefined Weak Reference
    _printf_mbtowc                            - Undefined Weak Reference
    _printf_wc                                - Undefined Weak Reference
    _rand_init                                - Undefined Weak Reference
    _signal_finish                            - Undefined Weak Reference
    _signal_init                              - Undefined Weak Reference
    _terminate_alloc                          - Undefined Weak Reference
    _terminate_user_alloc                     - Undefined Weak Reference
    _terminateio                              - Undefined Weak Reference
    __Vectors_Size                           0x000000ec   Number         0  startup_stm32f103xb.o ABSOLUTE
    __Vectors                                0x08000000   Data           4  startup_stm32f103xb.o(RESET)
    __Vectors_End                            0x080000ec   Data           0  startup_stm32f103xb.o(RESET)
    __main                                   0x080000ed   Thumb Code     8  __main.o(!!!main)
    __scatterload                            0x080000f5   Thumb Code     0  __scatter.o(!!!scatter)
    __scatterload_rt2                        0x080000f5   Thumb Code    84  __scatter.o(!!!scatter)
    __scatterload_rt2_thumb_only             0x080000f5   Thumb Code     0  __scatter.o(!!!scatter)
    __scatterload_loop                       0x080000ff   Thumb Code     0  __scatter.o(!!!scatter)
    __decompress                             0x08000151   Thumb Code    58  __dczerorl.o(!!dczerorl)
    __decompress0                            0x08000151   Thumb Code     0  __dczerorl.o(!!dczerorl)
    __scatterload_null                       0x0800018d   Thumb Code     2  __scatter.o(!!handler_null)
    __scatterload_zeroinit                   0x08000191   Thumb Code    28  __scatter_zi.o(!!handler_zi)
    _printf_n                                0x080001ad   Thumb Code     0  _printf_n.o(.ARM.Collect$$_printf_percent$$00000001)
    _printf_percent                          0x080001ad   Thumb Code     0  _printf_percent.o(.ARM.Collect$$_printf_percent$$00000000)
    _printf_p                                0x080001b3   Thumb Code     0  _printf_p.o(.ARM.Collect$$_printf_percent$$00000002)
    _printf_f                                0x080001b9   Thumb Code     0  _printf_f.o(.ARM.Collect$$_printf_percent$$00000003)
    _printf_e                                0x080001bf   Thumb Code     0  _printf_e.o(.ARM.Collect$$_printf_percent$$00000004)
    _printf_g                                0x080001c5   Thumb Code     0  _printf_g.o(.ARM.Collect$$_printf_percent$$00000005)
    _printf_a                                0x080001cb   Thumb Code     0  _printf_a.o(.ARM.Collect$$_printf_percent$$00000006)
    _printf_ll                               0x080001d1   Thumb Code     0  _printf_ll.o(.ARM.Collect$$_printf_percent$$00000007)
    _printf_i                                0x080001db   Thumb Code     0  _printf_i.o(.ARM.Collect$$_printf_percent$$00000008)
    _printf_d                                0x080001e1   Thumb Code     0  _printf_d.o(.ARM.Collect$$_printf_percent$$00000009)
    _printf_u                                0x080001e7   Thumb Code     0  _printf_u.o(.ARM.Collect$$_printf_percent$$0000000A)
    _printf_o                                0x080001ed   Thumb Code     0  _printf_o.o(.ARM.Collect$$_printf_percent$$0000000B)
    _printf_x                                0x080001f3   Thumb Code     0  _printf_x.o(.ARM.Collect$$_printf_percent$$0000000C)
    _printf_lli                              0x080001f9   Thumb Code     0  _printf_lli.o(.ARM.Collect$$_printf_percent$$0000000D)
    _printf_lld                              0x080001ff   Thumb Code     0  _printf_lld.o(.ARM.Collect$$_printf_percent$$0000000E)
    _printf_llu                              0x08000205   Thumb Code     0  _printf_llu.o(.ARM.Collect$$_printf_percent$$0000000F)
    _printf_llo                              0x0800020b   Thumb Code     0  _printf_llo.o(.ARM.Collect$$_printf_percent$$00000010)
    _printf_llx                              0x08000211   Thumb Code     0  _printf_llx.o(.ARM.Collect$$_printf_percent$$00000011)
    _printf_l                                0x08000217   Thumb Code     0  _printf_l.o(.ARM.Collect$$_printf_percent$$00000012)
    _printf_c                                0x08000221   Thumb Code     0  _printf_c.o(.ARM.Collect$$_printf_percent$$00000013)
    _printf_s                                0x08000227   Thumb Code     0  _printf_s.o(.ARM.Collect$$_printf_percent$$00000014)
    _printf_lc                               0x0800022d   Thumb Code     0  _printf_lc.o(.ARM.Collect$$_printf_percent$$00000015)
    _printf_ls                               0x08000233   Thumb Code     0  _printf_ls.o(.ARM.Collect$$_printf_percent$$00000016)
    _printf_percent_end                      0x08000239   Thumb Code     0  _printf_percent_end.o(.ARM.Collect$$_printf_percent$$00000017)
    __rt_lib_init                            0x0800023d   Thumb Code     0  libinit.o(.ARM.Collect$$libinit$$00000000)
    __rt_lib_init_fp_1                       0x0800023f   Thumb Code     0  libinit2.o(.ARM.Collect$$libinit$$00000002)
    __rt_lib_init_heap_1                     0x0800023f   Thumb Code     0  libinit2.o(.ARM.Collect$$libinit$$0000000C)
    __rt_lib_init_lc_common                  0x0800023f   Thumb Code     0  libinit2.o(.ARM.Collect$$libinit$$00000011)
    __rt_lib_init_preinit_1                  0x0800023f   Thumb Code     0  libinit2.o(.ARM.Collect$$libinit$$00000006)
    __rt_lib_init_rand_1                     0x0800023f   Thumb Code     0  libinit2.o(.ARM.Collect$$libinit$$00000010)
    __rt_lib_init_relocate_pie_1             0x0800023f   Thumb Code     0  libinit2.o(.ARM.Collect$$libinit$$00000004)
    __rt_lib_init_user_alloc_1               0x0800023f   Thumb Code     0  libinit2.o(.ARM.Collect$$libinit$$0000000E)
    __rt_lib_init_lc_collate_1               0x08000245   Thumb Code     0  libinit2.o(.ARM.Collect$$libinit$$00000013)
    __rt_lib_init_lc_ctype_2                 0x08000245   Thumb Code     0  libinit2.o(.ARM.Collect$$libinit$$00000014)
    __rt_lib_init_lc_ctype_1                 0x08000251   Thumb Code     0  libinit2.o(.ARM.Collect$$libinit$$00000015)
    __rt_lib_init_lc_monetary_1              0x08000251   Thumb Code     0  libinit2.o(.ARM.Collect$$libinit$$00000017)
    __rt_lib_init_lc_numeric_2               0x08000251   Thumb Code     0  libinit2.o(.ARM.Collect$$libinit$$00000018)
    __rt_lib_init_alloca_1                   0x0800025b   Thumb Code     0  libinit2.o(.ARM.Collect$$libinit$$00000030)
    __rt_lib_init_argv_1                     0x0800025b   Thumb Code     0  libinit2.o(.ARM.Collect$$libinit$$0000002E)
    __rt_lib_init_atexit_1                   0x0800025b   Thumb Code     0  libinit2.o(.ARM.Collect$$libinit$$0000001D)
    __rt_lib_init_clock_1                    0x0800025b   Thumb Code     0  libinit2.o(.ARM.Collect$$libinit$$00000023)
    __rt_lib_init_cpp_1                      0x0800025b   Thumb Code     0  libinit2.o(.ARM.Collect$$libinit$$00000034)
    __rt_lib_init_exceptions_1               0x0800025b   Thumb Code     0  libinit2.o(.ARM.Collect$$libinit$$00000032)
    __rt_lib_init_fp_trap_1                  0x0800025b   Thumb Code     0  libinit2.o(.ARM.Collect$$libinit$$00000021)
    __rt_lib_init_getenv_1                   0x0800025b   Thumb Code     0  libinit2.o(.ARM.Collect$$libinit$$00000025)
    __rt_lib_init_lc_numeric_1               0x0800025b   Thumb Code     0  libinit2.o(.ARM.Collect$$libinit$$00000019)
    __rt_lib_init_lc_time_1                  0x0800025b   Thumb Code     0  libinit2.o(.ARM.Collect$$libinit$$0000001B)
    __rt_lib_init_return                     0x0800025b   Thumb Code     0  libinit2.o(.ARM.Collect$$libinit$$00000035)
    __rt_lib_init_signal_1                   0x0800025b   Thumb Code     0  libinit2.o(.ARM.Collect$$libinit$$0000001F)
    __rt_lib_init_stdio_1                    0x0800025b   Thumb Code     0  libinit2.o(.ARM.Collect$$libinit$$00000027)
    __rt_lib_shutdown                        0x0800025d   Thumb Code     0  libshutdown.o(.ARM.Collect$$libshutdown$$00000000)
    __rt_lib_shutdown_cpp_1                  0x0800025f   Thumb Code     0  libshutdown2.o(.ARM.Collect$$libshutdown$$00000002)
    __rt_lib_shutdown_fp_trap_1              0x0800025f   Thumb Code     0  libshutdown2.o(.ARM.Collect$$libshutdown$$00000007)
    __rt_lib_shutdown_heap_1                 0x0800025f   Thumb Code     0  libshutdown2.o(.ARM.Collect$$libshutdown$$0000000F)
    __rt_lib_shutdown_return                 0x0800025f   Thumb Code     0  libshutdown2.o(.ARM.Collect$$libshutdown$$00000010)
    __rt_lib_shutdown_signal_1               0x0800025f   Thumb Code     0  libshutdown2.o(.ARM.Collect$$libshutdown$$0000000A)
    __rt_lib_shutdown_stdio_1                0x0800025f   Thumb Code     0  libshutdown2.o(.ARM.Collect$$libshutdown$$00000004)
    __rt_lib_shutdown_user_alloc_1           0x0800025f   Thumb Code     0  libshutdown2.o(.ARM.Collect$$libshutdown$$0000000C)
    __rt_entry                               0x08000261   Thumb Code     0  __rtentry.o(.ARM.Collect$$rtentry$$00000000)
    __rt_entry_presh_1                       0x08000261   Thumb Code     0  __rtentry2.o(.ARM.Collect$$rtentry$$00000002)
    __rt_entry_sh                            0x08000261   Thumb Code     0  __rtentry4.o(.ARM.Collect$$rtentry$$00000004)
    __rt_entry_li                            0x08000267   Thumb Code     0  __rtentry2.o(.ARM.Collect$$rtentry$$0000000A)
    __rt_entry_postsh_1                      0x08000267   Thumb Code     0  __rtentry2.o(.ARM.Collect$$rtentry$$00000009)
    __rt_entry_main                          0x0800026b   Thumb Code     0  __rtentry2.o(.ARM.Collect$$rtentry$$0000000D)
    __rt_entry_postli_1                      0x0800026b   Thumb Code     0  __rtentry2.o(.ARM.Collect$$rtentry$$0000000C)
    __rt_exit                                0x08000273   Thumb Code     0  rtexit.o(.ARM.Collect$$rtexit$$00000000)
    __rt_exit_ls                             0x08000275   Thumb Code     0  rtexit2.o(.ARM.Collect$$rtexit$$00000003)
    __rt_exit_prels_1                        0x08000275   Thumb Code     0  rtexit2.o(.ARM.Collect$$rtexit$$00000002)
    __rt_exit_exit                           0x08000279   Thumb Code     0  rtexit2.o(.ARM.Collect$$rtexit$$00000004)
    Reset_Handler                            0x08000281   Thumb Code    60  startup_stm32f103xb.o(.text)
    NMI_Handler                              0x080002bd   Thumb Code     2  startup_stm32f103xb.o(.text)
    HardFault_Handler                        0x080002bf   Thumb Code     2  startup_stm32f103xb.o(.text)
    MemManage_Handler                        0x080002c1   Thumb Code     2  startup_stm32f103xb.o(.text)
    BusFault_Handler                         0x080002c3   Thumb Code     2  startup_stm32f103xb.o(.text)
    UsageFault_Handler                       0x080002c5   Thumb Code     2  startup_stm32f103xb.o(.text)
    SVC_Handler                              0x080002c7   Thumb Code     2  startup_stm32f103xb.o(.text)
    DebugMon_Handler                         0x080002c9   Thumb Code     2  startup_stm32f103xb.o(.text)
    PendSV_Handler                           0x080002cb   Thumb Code     2  startup_stm32f103xb.o(.text)
    SysTick_Handler                          0x080002cd   Thumb Code     2  startup_stm32f103xb.o(.text)
    ADC1_2_IRQHandler                        0x080002cf   Thumb Code     0  startup_stm32f103xb.o(.text)
    CAN1_RX1_IRQHandler                      0x080002cf   Thumb Code     0  startup_stm32f103xb.o(.text)
    CAN1_SCE_IRQHandler                      0x080002cf   Thumb Code     0  startup_stm32f103xb.o(.text)
    DMA1_Channel1_IRQHandler                 0x080002cf   Thumb Code     0  startup_stm32f103xb.o(.text)
    DMA1_Channel2_IRQHandler                 0x080002cf   Thumb Code     0  startup_stm32f103xb.o(.text)
    DMA1_Channel3_IRQHandler                 0x080002cf   Thumb Code     0  startup_stm32f103xb.o(.text)
    DMA1_Channel4_IRQHandler                 0x080002cf   Thumb Code     0  startup_stm32f103xb.o(.text)
    DMA1_Channel5_IRQHandler                 0x080002cf   Thumb Code     0  startup_stm32f103xb.o(.text)
    DMA1_Channel6_IRQHandler                 0x080002cf   Thumb Code     0  startup_stm32f103xb.o(.text)
    DMA1_Channel7_IRQHandler                 0x080002cf   Thumb Code     0  startup_stm32f103xb.o(.text)
    EXTI0_IRQHandler                         0x080002cf   Thumb Code     0  startup_stm32f103xb.o(.text)
    EXTI15_10_IRQHandler                     0x080002cf   Thumb Code     0  startup_stm32f103xb.o(.text)
    EXTI1_IRQHandler                         0x080002cf   Thumb Code     0  startup_stm32f103xb.o(.text)
    EXTI2_IRQHandler                         0x080002cf   Thumb Code     0  startup_stm32f103xb.o(.text)
    EXTI3_IRQHandler                         0x080002cf   Thumb Code     0  startup_stm32f103xb.o(.text)
    EXTI4_IRQHandler                         0x080002cf   Thumb Code     0  startup_stm32f103xb.o(.text)
    EXTI9_5_IRQHandler                       0x080002cf   Thumb Code     0  startup_stm32f103xb.o(.text)
    FLASH_IRQHandler                         0x080002cf   Thumb Code     0  startup_stm32f103xb.o(.text)
    I2C1_ER_IRQHandler                       0x080002cf   Thumb Code     0  startup_stm32f103xb.o(.text)
    I2C1_EV_IRQHandler                       0x080002cf   Thumb Code     0  startup_stm32f103xb.o(.text)
    I2C2_ER_IRQHandler                       0x080002cf   Thumb Code     0  startup_stm32f103xb.o(.text)
    I2C2_EV_IRQHandler                       0x080002cf   Thumb Code     0  startup_stm32f103xb.o(.text)
    PVD_IRQHandler                           0x080002cf   Thumb Code     0  startup_stm32f103xb.o(.text)
    RCC_IRQHandler                           0x080002cf   Thumb Code     0  startup_stm32f103xb.o(.text)
    RTC_Alarm_IRQHandler                     0x080002cf   Thumb Code     0  startup_stm32f103xb.o(.text)
    RTC_IRQHandler                           0x080002cf   Thumb Code     0  startup_stm32f103xb.o(.text)
    SPI1_IRQHandler                          0x080002cf   Thumb Code     0  startup_stm32f103xb.o(.text)
    SPI2_IRQHandler                          0x080002cf   Thumb Code     0  startup_stm32f103xb.o(.text)
    TAMPER_IRQHandler                        0x080002cf   Thumb Code     0  startup_stm32f103xb.o(.text)
    TIM1_BRK_IRQHandler                      0x080002cf   Thumb Code     0  startup_stm32f103xb.o(.text)
    TIM1_CC_IRQHandler                       0x080002cf   Thumb Code     0  startup_stm32f103xb.o(.text)
    TIM1_TRG_COM_IRQHandler                  0x080002cf   Thumb Code     0  startup_stm32f103xb.o(.text)
    TIM1_UP_IRQHandler                       0x080002cf   Thumb Code     0  startup_stm32f103xb.o(.text)
    TIM2_IRQHandler                          0x080002cf   Thumb Code     0  startup_stm32f103xb.o(.text)
    TIM3_IRQHandler                          0x080002cf   Thumb Code     0  startup_stm32f103xb.o(.text)
    TIM4_IRQHandler                          0x080002cf   Thumb Code     0  startup_stm32f103xb.o(.text)
    USART1_IRQHandler                        0x080002cf   Thumb Code     0  startup_stm32f103xb.o(.text)
    USART2_IRQHandler                        0x080002cf   Thumb Code     0  startup_stm32f103xb.o(.text)
    USART3_IRQHandler                        0x080002cf   Thumb Code     0  startup_stm32f103xb.o(.text)
    USBWakeUp_IRQHandler                     0x080002cf   Thumb Code     0  startup_stm32f103xb.o(.text)
    USB_HP_CAN1_TX_IRQHandler                0x080002cf   Thumb Code     0  startup_stm32f103xb.o(.text)
    USB_LP_CAN1_RX0_IRQHandler               0x080002cf   Thumb Code     0  startup_stm32f103xb.o(.text)
    WWDG_IRQHandler                          0x080002cf   Thumb Code     0  startup_stm32f103xb.o(.text)
    __user_initial_stackheap                 0x080002d1   Thumb Code     0  startup_stm32f103xb.o(.text)
    __use_no_semihosting                     0x080002f1   Thumb Code     2  use_no_semi_2.o(.text)
    printf                                   0x080002f5   Thumb Code    20  printf.o(.text)
    sprintf                                  0x0800030d   Thumb Code    38  sprintf.o(.text)
    sscanf                                   0x08000339   Thumb Code    52  sscanf.o(.text)
    __aeabi_assert                           0x08000375   Thumb Code    86  assert.o(.text)
    __assert                                 0x08000375   Thumb Code     0  assert.o(.text)
    __use_two_region_memory                  0x080003f5   Thumb Code     2  heapauxi.o(.text)
    __rt_heap_escrow$2region                 0x080003f7   Thumb Code     2  heapauxi.o(.text)
    __rt_heap_expand$2region                 0x080003f9   Thumb Code     2  heapauxi.o(.text)
    __I$use$semihosting                      0x080003fb   Thumb Code     0  use_no_semi.o(.text)
    __use_no_semihosting_swi                 0x080003fb   Thumb Code     2  use_no_semi.o(.text)
    __read_errno                             0x080003fd   Thumb Code    10  _rserrno.o(.text)
    __set_errno                              0x08000407   Thumb Code    12  _rserrno.o(.text)
    _printf_pre_padding                      0x08000413   Thumb Code    44  _printf_pad.o(.text)
    _printf_post_padding                     0x0800043f   Thumb Code    34  _printf_pad.o(.text)
    _printf_truncate_signed                  0x08000461   Thumb Code    18  _printf_truncate.o(.text)
    _printf_truncate_unsigned                0x08000473   Thumb Code    18  _printf_truncate.o(.text)
    _printf_str                              0x08000485   Thumb Code    82  _printf_str.o(.text)
    _printf_int_dec                          0x080004d9   Thumb Code   104  _printf_dec.o(.text)
    _printf_charcount                        0x08000551   Thumb Code    40  _printf_charcount.o(.text)
    _printf_char_common                      0x08000583   Thumb Code    32  _printf_char_common.o(.text)
    _sputc                                   0x080005a9   Thumb Code    10  _sputc.o(.text)
    _printf_char_file                        0x080005b5   Thumb Code    32  _printf_char_file.o(.text)
    _printf_wctomb                           0x080005d9   Thumb Code   182  _printf_wctomb.o(.text)
    _printf_longlong_dec                     0x08000695   Thumb Code   108  _printf_longlong_dec.o(.text)
    _printf_longlong_oct                     0x08000711   Thumb Code    68  _printf_oct_int_ll.o(.text)
    _printf_int_oct                          0x08000755   Thumb Code    24  _printf_oct_int_ll.o(.text)
    _printf_ll_oct                           0x0800076d   Thumb Code    12  _printf_oct_int_ll.o(.text)
    _printf_longlong_hex                     0x08000781   Thumb Code    86  _printf_hex_int_ll_ptr.o(.text)
    _printf_int_hex                          0x080007d7   Thumb Code    28  _printf_hex_int_ll_ptr.o(.text)
    _printf_ll_hex                           0x080007f3   Thumb Code    12  _printf_hex_int_ll_ptr.o(.text)
    _printf_hex_ptr                          0x080007ff   Thumb Code    18  _printf_hex_int_ll_ptr.o(.text)
    __printf                                 0x08000815   Thumb Code   388  __printf_flags_ss_wp.o(.text)
    _scanf_longlong                          0x0800099d   Thumb Code   342  _scanf_longlong.o(.text)
    _scanf_int                               0x08000af3   Thumb Code   332  _scanf_int.o(.text)
    _scanf_string                            0x08000c3f   Thumb Code   224  _scanf_str.o(.text)
    __vfscanf_char                           0x08000d2d   Thumb Code    24  scanf_char.o(.text)
    _sgetc                                   0x08000d4d   Thumb Code    30  _sgetc.o(.text)
    _sbackspace                              0x08000d6b   Thumb Code    34  _sgetc.o(.text)
    _scanf_mbtowc                            0x08000d8d   Thumb Code   276  _scanf_mbtowc.o(.text)
    _scanf_wctomb                            0x08000ea1   Thumb Code   232  _scanf_wctomb.o(.text)
    _scanf_wstring                           0x08000f89   Thumb Code   208  _scanf_wstr.o(.text)
    abort                                    0x08001059   Thumb Code    22  abort.o(.text)
    __assert_puts                            0x0800106f   Thumb Code    20  assert_puts.o(.text)
    __aeabi_errno_addr                       0x08001085   Thumb Code     8  rt_errno_addr_intlibspace.o(.text)
    __errno$intlibspace                      0x08001085   Thumb Code     0  rt_errno_addr_intlibspace.o(.text)
    __rt_errno_addr$intlibspace              0x08001085   Thumb Code     0  rt_errno_addr_intlibspace.o(.text)
    _ll_udiv10                               0x0800108d   Thumb Code   138  lludiv10.o(.text)
    isspace                                  0x08001117   Thumb Code    18  isspace.o(.text)
    _printf_int_common                       0x08001129   Thumb Code   178  _printf_intcommon.o(.text)
    _printf_fp_dec_real                      0x0800138b   Thumb Code   620  _printf_fp_dec.o(.text)
    _printf_fp_hex_real                      0x080015f9   Thumb Code   756  _printf_fp_hex.o(.text)
    _printf_cs_common                        0x080018f5   Thumb Code    20  _printf_char.o(.text)
    _printf_char                             0x08001909   Thumb Code    16  _printf_char.o(.text)
    _printf_string                           0x08001919   Thumb Code     8  _printf_char.o(.text)
    _printf_lcs_common                       0x08001921   Thumb Code    20  _printf_wchar.o(.text)
    _printf_wchar                            0x08001935   Thumb Code    16  _printf_wchar.o(.text)
    _printf_wstring                          0x08001945   Thumb Code     8  _printf_wchar.o(.text)
    _chval                                   0x0800194d   Thumb Code    28  _chval.o(.text)
    __vfscanf                                0x08001969   Thumb Code   878  _scanf.o(.text)
    _scanf_really_real                       0x08001f29   Thumb Code   684  scanf_fp.o(.text)
    _scanf_wcharmap                          0x080021d5   Thumb Code    30  _scanf_wcharmap.o(.text)
    ferror                                   0x080021f3   Thumb Code     8  ferror.o(.text)
    _mbrtoc16                                0x080021fb   Thumb Code    64  _mbrtoc16.o(.text)
    _mbrtowc                                 0x080021fb   Thumb Code     0  _mbrtoc16.o(.text)
    _c16rtomb                                0x0800223b   Thumb Code    72  _c16rtomb.o(.text)
    _wcrtomb                                 0x0800223b   Thumb Code     0  _c16rtomb.o(.text)
    __rt_SIGABRT                             0x08002283   Thumb Code    14  defsig_abrt_outer.o(.text)
    __user_libspace                          0x08002291   Thumb Code     8  libspace.o(.text)
    __user_perproc_libspace                  0x08002291   Thumb Code     0  libspace.o(.text)
    __user_perthread_libspace                0x08002291   Thumb Code     0  libspace.o(.text)
    __user_setup_stackheap                   0x08002299   Thumb Code    74  sys_stackheap_outer.o(.text)
    __rt_ctype_table                         0x080022e5   Thumb Code    16  rt_ctype_table.o(.text)
    __rt_locale                              0x080022f5   Thumb Code     8  rt_locale_intlibspace.o(.text)
    __aeabi_llsl                             0x080022fd   Thumb Code     0  llshl.o(.text)
    _ll_shift_l                              0x080022fd   Thumb Code    38  llshl.o(.text)
    _printf_fp_infnan                        0x08002325   Thumb Code   112  _printf_fp_infnan.o(.text)
    _btod_etento                             0x080023a5   Thumb Code   224  bigflt0.o(.text)
    exit                                     0x08002489   Thumb Code    18  exit.o(.text)
    __sig_exit                               0x0800249b   Thumb Code    10  defsig_exit.o(.text)
    __rt_SIGABRT_inner                       0x080024a5   Thumb Code    14  defsig_abrt_inner.o(.text)
    _scanf_really_hex_real                   0x080024d5   Thumb Code   786  scanf_hexfp.o(.text)
    _scanf_really_infnan                     0x080027f5   Thumb Code   292  scanf_infnan.o(.text)
    __default_signal_display                 0x08002929   Thumb Code    50  defsig_general.o(.text)
    strcmp                                   0x0800295d   Thumb Code   128  strcmpv7m.o(.text)
    SystemInit                               0x080029dd   Thumb Code    44  main.o(.text.SystemInit)
    _sys_exit                                0x08002a09   Thumb Code     8  sys.o(.text._sys_exit)
    _ttywrch                                 0x08002a11   Thumb Code    10  sys.o(.text._ttywrch)
    check_cpu                                0x08002a1d   Thumb Code    62  main.o(.text.check_cpu)
    fget_char                                0x08002a5d   Thumb Code   184  sys.o(.text.fget_char)
    fput_char                                0x08002b15   Thumb Code    78  sys.o(.text.fput_char)
    fputc                                    0x08002b65   Thumb Code    22  sys.o(.text.fputc)
    get_flash_ver                            0x08002b7d   Thumb Code    20  main.o(.text.get_flash_ver)
    get_system_time                          0x08002b91   Thumb Code    56  sys.o(.text.get_system_time)
    main                                     0x08002bc9   Thumb Code   124  main.o(.text.main)
    scan_calc_f                              0x08002c45   Thumb Code   558  main.o(.text.scan_calc_f)
    scan_uart                                0x08002e75   Thumb Code    54  main.o(.text.scan_uart)
    sleep                                    0x08002ead   Thumb Code    62  main.o(.text.sleep)
    test_double                              0x08002eed   Thumb Code   474  main.o(.text.test_double)
    test_float                               0x080030c9   Thumb Code   368  main.o(.text.test_float)
    _btod_d2e                                0x08003239   Thumb Code    62  btod.o(CL$$btod_d2e)
    _d2e_denorm_low                          0x08003277   Thumb Code    70  btod.o(CL$$btod_d2e_denorm_low)
    _d2e_norm_op1                            0x080032bd   Thumb Code    96  btod.o(CL$$btod_d2e_norm_op1)
    __btod_div_common                        0x0800331d   Thumb Code   696  btod.o(CL$$btod_div_common)
    _e2d                                     0x08003655   Thumb Code   122  btod.o(CL$$btod_e2d)
    _e2e                                     0x080036d9   Thumb Code   220  btod.o(CL$$btod_e2e)
    _btod_ediv                               0x080037b5   Thumb Code    42  btod.o(CL$$btod_ediv)
    _btod_edivd                              0x080037df   Thumb Code    42  btod.o(CL$$btod_edivd)
    _btod_emul                               0x08003809   Thumb Code    42  btod.o(CL$$btod_emul)
    _btod_emuld                              0x08003833   Thumb Code    42  btod.o(CL$$btod_emuld)
    __btod_mult_common                       0x0800385d   Thumb Code   580  btod.o(CL$$btod_mult_common)
    __ARM_fpclassify                         0x08003aa1   Thumb Code    40  fpclassify.o(i.__ARM_fpclassify)
    __ARM_fpclassifyf                        0x08003ac9   Thumb Code    38  fpclassifyf.o(i.__ARM_fpclassifyf)
    __kernel_poly                            0x08003aef   Thumb Code   170  poly.o(i.__kernel_poly)
    __mathlib_dbl_infnan                     0x08003b99   Thumb Code     6  dunder.o(i.__mathlib_dbl_infnan)
    __mathlib_dbl_invalid                    0x08003b9f   Thumb Code    12  dunder.o(i.__mathlib_dbl_invalid)
    __mathlib_dbl_overflow                   0x08003bab   Thumb Code    14  dunder.o(i.__mathlib_dbl_overflow)
    __mathlib_dbl_underflow                  0x08003bb9   Thumb Code    10  dunder.o(i.__mathlib_dbl_underflow)
    __mathlib_flt_infnan                     0x08003bc9   Thumb Code     6  funder.o(i.__mathlib_flt_infnan)
    __mathlib_flt_invalid                    0x08003bcf   Thumb Code     8  funder.o(i.__mathlib_flt_invalid)
    __mathlib_flt_underflow                  0x08003bd7   Thumb Code    10  funder.o(i.__mathlib_flt_underflow)
    __mathlib_narrow                         0x08003be1   Thumb Code    16  narrow.o(i.__mathlib_narrow)
    __mathlib_tofloat                        0x08003bf1   Thumb Code   184  narrow.o(i.__mathlib_tofloat)
    __support_ldexp                          0x08003cad   Thumb Code    22  ldexp.o(i.__support_ldexp)
    _is_digit                                0x08003cc3   Thumb Code    14  __printf_wp.o(i._is_digit)
    acos                                     0x08003cd1   Thumb Code   574  acos.o(i.acos)
    acosf                                    0x08003f4d   Thumb Code   242  acosf.o(i.acosf)
    asin                                     0x08004069   Thumb Code   572  asin.o(i.asin)
    asinf                                    0x080042d9   Thumb Code   254  asinf.o(i.asinf)
    frexp                                    0x080043fd   Thumb Code    80  frexp.o(i.frexp)
    ldexp                                    0x08004455   Thumb Code   116  ldexp.o(i.ldexp)
    sqrt                                     0x080044c9   Thumb Code    76  sqrt.o(i.sqrt)
    sqrtf                                    0x08004515   Thumb Code    44  sqrtf.o(i.sqrtf)
    _get_lc_numeric                          0x08004541   Thumb Code    44  lc_numeric_c.o(locale$$code)
    _get_lc_ctype                            0x0800456d   Thumb Code    44  lc_ctype_c.o(locale$$code)
    __aeabi_d2f                              0x08004599   Thumb Code     0  d2f.o(x$fpl$d2f)
    _d2f                                     0x08004599   Thumb Code    98  d2f.o(x$fpl$d2f)
    __aeabi_dadd                             0x080045fd   Thumb Code     0  daddsub_clz.o(x$fpl$dadd)
    _dadd                                    0x080045fd   Thumb Code   332  daddsub_clz.o(x$fpl$dadd)
    __fpl_dcheck_NaN1                        0x0800474d   Thumb Code    10  dcheck1.o(x$fpl$dcheck1)
    __fpl_dcmp_Inf                           0x0800475d   Thumb Code    24  dcmpi.o(x$fpl$dcmpinf)
    __aeabi_ddiv                             0x08004775   Thumb Code     0  ddiv.o(x$fpl$ddiv)
    _ddiv                                    0x08004775   Thumb Code   556  ddiv.o(x$fpl$ddiv)
    __aeabi_cdcmpeq                          0x08004a29   Thumb Code     0  deqf.o(x$fpl$deqf)
    _dcmpeq                                  0x08004a29   Thumb Code   120  deqf.o(x$fpl$deqf)
    __aeabi_cdcmpge                          0x08004aa1   Thumb Code     0  dgeqf.o(x$fpl$dgeqf)
    _dcmpge                                  0x08004aa1   Thumb Code   120  dgeqf.o(x$fpl$dgeqf)
    __aeabi_cdcmple                          0x08004b19   Thumb Code     0  dleqf.o(x$fpl$dleqf)
    _dcmple                                  0x08004b19   Thumb Code   120  dleqf.o(x$fpl$dleqf)
    __fpl_dcmple_InfNaN                      0x08004b7b   Thumb Code     0  dleqf.o(x$fpl$dleqf)
    __aeabi_dmul                             0x08004b91   Thumb Code     0  dmul.o(x$fpl$dmul)
    _dmul                                    0x08004b91   Thumb Code   332  dmul.o(x$fpl$dmul)
    __fpl_dnaninf                            0x08004ce5   Thumb Code   156  dnaninf.o(x$fpl$dnaninf)
    __fpl_dretinf                            0x08004d81   Thumb Code    12  dretinf.o(x$fpl$dretinf)
    __aeabi_cdrcmple                         0x08004d8d   Thumb Code     0  drleqf.o(x$fpl$drleqf)
    _drcmple                                 0x08004d8d   Thumb Code   108  drleqf.o(x$fpl$drleqf)
    __aeabi_drsub                            0x08004df9   Thumb Code     0  daddsub_clz.o(x$fpl$drsb)
    _drsb                                    0x08004df9   Thumb Code    22  daddsub_clz.o(x$fpl$drsb)
    _dsqrt                                   0x08004e11   Thumb Code   456  dsqrt_noumaal.o(x$fpl$dsqrt)
    __aeabi_dsub                             0x08004fdd   Thumb Code     0  daddsub_clz.o(x$fpl$dsub)
    _dsub                                    0x08004fdd   Thumb Code   472  daddsub_clz.o(x$fpl$dsub)
    __aeabi_f2d                              0x080051b9   Thumb Code     0  f2d.o(x$fpl$f2d)
    _f2d                                     0x080051b9   Thumb Code    86  f2d.o(x$fpl$f2d)
    __aeabi_fadd                             0x08005211   Thumb Code     0  faddsub_clz.o(x$fpl$fadd)
    _fadd                                    0x08005211   Thumb Code   196  faddsub_clz.o(x$fpl$fadd)
    __fpl_fcheck_NaN1                        0x080052d5   Thumb Code     6  fcheck1.o(x$fpl$fcheck1)
    __aeabi_dcmpeq                           0x080052e1   Thumb Code     0  dcmp.o(x$fpl$fcmp)
    _deq                                     0x080052e1   Thumb Code    14  dcmp.o(x$fpl$fcmp)
    _dneq                                    0x080052ef   Thumb Code    14  dcmp.o(x$fpl$fcmp)
    __aeabi_dcmpgt                           0x080052fd   Thumb Code     0  dcmp.o(x$fpl$fcmp)
    _dgr                                     0x080052fd   Thumb Code    14  dcmp.o(x$fpl$fcmp)
    __aeabi_dcmpge                           0x0800530b   Thumb Code     0  dcmp.o(x$fpl$fcmp)
    _dgeq                                    0x0800530b   Thumb Code    14  dcmp.o(x$fpl$fcmp)
    __aeabi_dcmple                           0x08005319   Thumb Code     0  dcmp.o(x$fpl$fcmp)
    _dleq                                    0x08005319   Thumb Code    14  dcmp.o(x$fpl$fcmp)
    __aeabi_dcmplt                           0x08005327   Thumb Code     0  dcmp.o(x$fpl$fcmp)
    _dls                                     0x08005327   Thumb Code    14  dcmp.o(x$fpl$fcmp)
    __aeabi_fcmpeq                           0x08005335   Thumb Code     0  fcmp.o(x$fpl$fcmp)
    _feq                                     0x08005335   Thumb Code    14  fcmp.o(x$fpl$fcmp)
    _fneq                                    0x08005343   Thumb Code    14  fcmp.o(x$fpl$fcmp)
    __aeabi_fcmpgt                           0x08005351   Thumb Code     0  fcmp.o(x$fpl$fcmp)
    _fgr                                     0x08005351   Thumb Code    14  fcmp.o(x$fpl$fcmp)
    __aeabi_fcmpge                           0x0800535f   Thumb Code     0  fcmp.o(x$fpl$fcmp)
    _fgeq                                    0x0800535f   Thumb Code    14  fcmp.o(x$fpl$fcmp)
    __aeabi_fcmple                           0x0800536d   Thumb Code     0  fcmp.o(x$fpl$fcmp)
    _fleq                                    0x0800536d   Thumb Code    14  fcmp.o(x$fpl$fcmp)
    __aeabi_fcmplt                           0x0800537b   Thumb Code     0  fcmp.o(x$fpl$fcmp)
    _fls                                     0x0800537b   Thumb Code    14  fcmp.o(x$fpl$fcmp)
    __fpl_fcmp_Inf                           0x08005389   Thumb Code    24  fcmpi.o(x$fpl$fcmpinf)
    __aeabi_fdiv                             0x080053a1   Thumb Code     0  fdiv.o(x$fpl$fdiv)
    _fdiv                                    0x080053a1   Thumb Code   384  fdiv.o(x$fpl$fdiv)
    __aeabi_cfcmpeq                          0x08005525   Thumb Code     0  feqf.o(x$fpl$feqf)
    _fcmpeq                                  0x08005525   Thumb Code   104  feqf.o(x$fpl$feqf)
    __aeabi_i2f                              0x0800558d   Thumb Code     0  fflt_clz.o(x$fpl$fflt)
    _fflt                                    0x0800558d   Thumb Code    48  fflt_clz.o(x$fpl$fflt)
    _fcmpge                                  0x080055bd   Thumb Code   104  fgeqf.o(x$fpl$fgeqf)
    __aeabi_cfcmple                          0x08005625   Thumb Code     0  fleqf.o(x$fpl$fleqf)
    _fcmple                                  0x08005625   Thumb Code   104  fleqf.o(x$fpl$fleqf)
    __fpl_fcmple_InfNaN                      0x08005677   Thumb Code     0  fleqf.o(x$fpl$fleqf)
    __aeabi_fmul                             0x0800568d   Thumb Code     0  fmul.o(x$fpl$fmul)
    _fmul                                    0x0800568d   Thumb Code   258  fmul.o(x$fpl$fmul)
    __fpl_fnaninf                            0x0800578f   Thumb Code   140  fnaninf.o(x$fpl$fnaninf)
    __fpl_fretinf                            0x0800581b   Thumb Code    10  fretinf.o(x$fpl$fretinf)
    __aeabi_frsub                            0x08005825   Thumb Code     0  faddsub_clz.o(x$fpl$frsb)
    _frsb                                    0x08005825   Thumb Code    20  faddsub_clz.o(x$fpl$frsb)
    _fsqrt                                   0x08005839   Thumb Code   272  fsqrt.o(x$fpl$fsqrt)
    __aeabi_fsub                             0x08005949   Thumb Code     0  faddsub_clz.o(x$fpl$fsub)
    _fsub                                    0x08005949   Thumb Code   234  faddsub_clz.o(x$fpl$fsub)
    __ieee_status                            0x08005a33   Thumb Code     6  istatus.o(x$fpl$ieeestatus)
    _printf_fp_dec                           0x08005a39   Thumb Code     4  printf1.o(x$fpl$printf1)
    _printf_fp_hex                           0x08005a3d   Thumb Code     4  printf2.o(x$fpl$printf2)
    __fpl_return_NaN                         0x08005a41   Thumb Code   100  retnan.o(x$fpl$retnan)
    __ARM_scalbn                             0x08005aa5   Thumb Code    92  scalbn.o(x$fpl$scalbn)
    __ARM_scalbnf                            0x08005b01   Thumb Code    76  scalbnf.o(x$fpl$scalbnf)
    _scanf_real                              0x08005b4d   Thumb Code     4  scanf1.o(x$fpl$scanf1)
    _scanf_hex_real                          0x08005b51   Thumb Code     4  scanf2.o(x$fpl$scanf2)
    _scanf_infnan                            0x08005b55   Thumb Code     4  scanf2.o(x$fpl$scanf2)
    __fpl_cmpreturn                          0x08005b59   Thumb Code    48  trapv.o(x$fpl$trapveneer)
    __I$use$fp                               0x08005b88   Number         0  usenofp.o(x$fpl$usenofp)
    Region$$Table$$Base                      0x08006024   Number         0  anon$$obj.o(Region$$Table)
    Region$$Table$$Limit                     0x08006044   Number         0  anon$$obj.o(Region$$Table)
    __aeabi_HUGE_VAL                         0x08006044   Data           0  fpconst.o(c$$dinf)
    __aeabi_HUGE_VALL                        0x08006044   Data           0  fpconst.o(c$$dinf)
    __aeabi_INFINITY                         0x08006044   Data           0  fpconst.o(c$$dinf)
    __dInf                                   0x08006044   Data           0  fpconst.o(c$$dinf)
    __huge_val                               0x08006044   Data           0  fpconst.o(c$$dinf)
    __dbl_max                                0x0800604c   Data           0  fpconst.o(c$$dmax)
    __ctype                                  0x0800607d   Data           0  lc_ctype_c.o(locale$$data)
    read_str                                 0x20000000   Data        1024  main.o(.data.read_str)
    __libspace_start                         0x20000418   Data          96  libspace.o(.bss)
    __stdout                                 0x20000478   Data          84  sys.o(.bss.__stdout)
    __temporary_stack_top$libspace           0x20000478   Data           0  libspace.o(.bss)
    cpu_ver                                  0x200004cc   Data           1  sys.o(.bss.cpu_ver)
    read_test_index                          0x200004d8   Data           2  sys.o(.bss.read_test_index)
    temp_tck                                 0x200004dc   Data           4  sys.o(.bss.temp_tck)



==============================================================================

Memory Map of the image

  Image Entry point : 0x080000ed

  Load Region LR_IROM1 (Base: 0x08000000, Size: 0x00006598, Max: 0x00008000, ABSOLUTE, COMPRESSED[0x000061b0])

    Execution Region ER_IROM1 (Exec base: 0x08000000, Load base: 0x08000000, Size: 0x00006180, Max: 0x00008000, ABSOLUTE)

    Exec Addr    Load Addr    Size         Type   Attr      Idx    E Section Name        Object

    0x08000000   0x08000000   0x000000ec   Data   RO            3    RESET               startup_stm32f103xb.o
    0x080000ec   0x080000ec   0x00000008   Code   RO          124  * !!!main             c_w.l(__main.o)
    0x080000f4   0x080000f4   0x0000005c   Code   RO          683    !!!scatter          c_w.l(__scatter.o)
    0x08000150   0x08000150   0x0000003a   Code   RO          681    !!dczerorl          c_w.l(__dczerorl.o)
    0x0800018a   0x0800018a   0x00000002   PAD
    0x0800018c   0x0800018c   0x00000002   Code   RO          684    !!handler_null      c_w.l(__scatter.o)
    0x0800018e   0x0800018e   0x00000002   PAD
    0x08000190   0x08000190   0x0000001c   Code   RO          687    !!handler_zi        c_w.l(__scatter_zi.o)
    0x080001ac   0x080001ac   0x00000000   Code   RO          262    .ARM.Collect$$_printf_percent$$00000000  c_w.l(_printf_percent.o)
    0x080001ac   0x080001ac   0x00000006   Code   RO          251    .ARM.Collect$$_printf_percent$$00000001  c_w.l(_printf_n.o)
    0x080001b2   0x080001b2   0x00000006   Code   RO          253    .ARM.Collect$$_printf_percent$$00000002  c_w.l(_printf_p.o)
    0x080001b8   0x080001b8   0x00000006   Code   RO          258    .ARM.Collect$$_printf_percent$$00000003  c_w.l(_printf_f.o)
    0x080001be   0x080001be   0x00000006   Code   RO          259    .ARM.Collect$$_printf_percent$$00000004  c_w.l(_printf_e.o)
    0x080001c4   0x080001c4   0x00000006   Code   RO          260    .ARM.Collect$$_printf_percent$$00000005  c_w.l(_printf_g.o)
    0x080001ca   0x080001ca   0x00000006   Code   RO          261    .ARM.Collect$$_printf_percent$$00000006  c_w.l(_printf_a.o)
    0x080001d0   0x080001d0   0x0000000a   Code   RO          266    .ARM.Collect$$_printf_percent$$00000007  c_w.l(_printf_ll.o)
    0x080001da   0x080001da   0x00000006   Code   RO          255    .ARM.Collect$$_printf_percent$$00000008  c_w.l(_printf_i.o)
    0x080001e0   0x080001e0   0x00000006   Code   RO          256    .ARM.Collect$$_printf_percent$$00000009  c_w.l(_printf_d.o)
    0x080001e6   0x080001e6   0x00000006   Code   RO          257    .ARM.Collect$$_printf_percent$$0000000A  c_w.l(_printf_u.o)
    0x080001ec   0x080001ec   0x00000006   Code   RO          254    .ARM.Collect$$_printf_percent$$0000000B  c_w.l(_printf_o.o)
    0x080001f2   0x080001f2   0x00000006   Code   RO          252    .ARM.Collect$$_printf_percent$$0000000C  c_w.l(_printf_x.o)
    0x080001f8   0x080001f8   0x00000006   Code   RO          263    .ARM.Collect$$_printf_percent$$0000000D  c_w.l(_printf_lli.o)
    0x080001fe   0x080001fe   0x00000006   Code   RO          264    .ARM.Collect$$_printf_percent$$0000000E  c_w.l(_printf_lld.o)
    0x08000204   0x08000204   0x00000006   Code   RO          265    .ARM.Collect$$_printf_percent$$0000000F  c_w.l(_printf_llu.o)
    0x0800020a   0x0800020a   0x00000006   Code   RO          270    .ARM.Collect$$_printf_percent$$00000010  c_w.l(_printf_llo.o)
    0x08000210   0x08000210   0x00000006   Code   RO          271    .ARM.Collect$$_printf_percent$$00000011  c_w.l(_printf_llx.o)
    0x08000216   0x08000216   0x0000000a   Code   RO          267    .ARM.Collect$$_printf_percent$$00000012  c_w.l(_printf_l.o)
    0x08000220   0x08000220   0x00000006   Code   RO          249    .ARM.Collect$$_printf_percent$$00000013  c_w.l(_printf_c.o)
    0x08000226   0x08000226   0x00000006   Code   RO          250    .ARM.Collect$$_printf_percent$$00000014  c_w.l(_printf_s.o)
    0x0800022c   0x0800022c   0x00000006   Code   RO          268    .ARM.Collect$$_printf_percent$$00000015  c_w.l(_printf_lc.o)
    0x08000232   0x08000232   0x00000006   Code   RO          269    .ARM.Collect$$_printf_percent$$00000016  c_w.l(_printf_ls.o)
    0x08000238   0x08000238   0x00000004   Code   RO          414    .ARM.Collect$$_printf_percent$$00000017  c_w.l(_printf_percent_end.o)
    0x0800023c   0x0800023c   0x00000002   Code   RO          513    .ARM.Collect$$libinit$$00000000  c_w.l(libinit.o)
    0x0800023e   0x0800023e   0x00000000   Code   RO          552    .ARM.Collect$$libinit$$00000002  c_w.l(libinit2.o)
    0x0800023e   0x0800023e   0x00000000   Code   RO          554    .ARM.Collect$$libinit$$00000004  c_w.l(libinit2.o)
    0x0800023e   0x0800023e   0x00000000   Code   RO          556    .ARM.Collect$$libinit$$00000006  c_w.l(libinit2.o)
    0x0800023e   0x0800023e   0x00000000   Code   RO          559    .ARM.Collect$$libinit$$0000000C  c_w.l(libinit2.o)
    0x0800023e   0x0800023e   0x00000000   Code   RO          561    .ARM.Collect$$libinit$$0000000E  c_w.l(libinit2.o)
    0x0800023e   0x0800023e   0x00000000   Code   RO          563    .ARM.Collect$$libinit$$00000010  c_w.l(libinit2.o)
    0x0800023e   0x0800023e   0x00000006   Code   RO          564    .ARM.Collect$$libinit$$00000011  c_w.l(libinit2.o)
    0x08000244   0x08000244   0x00000000   Code   RO          566    .ARM.Collect$$libinit$$00000013  c_w.l(libinit2.o)
    0x08000244   0x08000244   0x0000000c   Code   RO          567    .ARM.Collect$$libinit$$00000014  c_w.l(libinit2.o)
    0x08000250   0x08000250   0x00000000   Code   RO          568    .ARM.Collect$$libinit$$00000015  c_w.l(libinit2.o)
    0x08000250   0x08000250   0x00000000   Code   RO          570    .ARM.Collect$$libinit$$00000017  c_w.l(libinit2.o)
    0x08000250   0x08000250   0x0000000a   Code   RO          571    .ARM.Collect$$libinit$$00000018  c_w.l(libinit2.o)
    0x0800025a   0x0800025a   0x00000000   Code   RO          572    .ARM.Collect$$libinit$$00000019  c_w.l(libinit2.o)
    0x0800025a   0x0800025a   0x00000000   Code   RO          574    .ARM.Collect$$libinit$$0000001B  c_w.l(libinit2.o)
    0x0800025a   0x0800025a   0x00000000   Code   RO          576    .ARM.Collect$$libinit$$0000001D  c_w.l(libinit2.o)
    0x0800025a   0x0800025a   0x00000000   Code   RO          578    .ARM.Collect$$libinit$$0000001F  c_w.l(libinit2.o)
    0x0800025a   0x0800025a   0x00000000   Code   RO          580    .ARM.Collect$$libinit$$00000021  c_w.l(libinit2.o)
    0x0800025a   0x0800025a   0x00000000   Code   RO          582    .ARM.Collect$$libinit$$00000023  c_w.l(libinit2.o)
    0x0800025a   0x0800025a   0x00000000   Code   RO          584    .ARM.Collect$$libinit$$00000025  c_w.l(libinit2.o)
    0x0800025a   0x0800025a   0x00000000   Code   RO          586    .ARM.Collect$$libinit$$00000027  c_w.l(libinit2.o)
    0x0800025a   0x0800025a   0x00000000   Code   RO          590    .ARM.Collect$$libinit$$0000002E  c_w.l(libinit2.o)
    0x0800025a   0x0800025a   0x00000000   Code   RO          592    .ARM.Collect$$libinit$$00000030  c_w.l(libinit2.o)
    0x0800025a   0x0800025a   0x00000000   Code   RO          594    .ARM.Collect$$libinit$$00000032  c_w.l(libinit2.o)
    0x0800025a   0x0800025a   0x00000000   Code   RO          596    .ARM.Collect$$libinit$$00000034  c_w.l(libinit2.o)
    0x0800025a   0x0800025a   0x00000002   Code   RO          597    .ARM.Collect$$libinit$$00000035  c_w.l(libinit2.o)
    0x0800025c   0x0800025c   0x00000002   Code   RO          651    .ARM.Collect$$libshutdown$$00000000  c_w.l(libshutdown.o)
    0x0800025e   0x0800025e   0x00000000   Code   RO          663    .ARM.Collect$$libshutdown$$00000002  c_w.l(libshutdown2.o)
    0x0800025e   0x0800025e   0x00000000   Code   RO          665    .ARM.Collect$$libshutdown$$00000004  c_w.l(libshutdown2.o)
    0x0800025e   0x0800025e   0x00000000   Code   RO          668    .ARM.Collect$$libshutdown$$00000007  c_w.l(libshutdown2.o)
    0x0800025e   0x0800025e   0x00000000   Code   RO          671    .ARM.Collect$$libshutdown$$0000000A  c_w.l(libshutdown2.o)
    0x0800025e   0x0800025e   0x00000000   Code   RO          673    .ARM.Collect$$libshutdown$$0000000C  c_w.l(libshutdown2.o)
    0x0800025e   0x0800025e   0x00000000   Code   RO          676    .ARM.Collect$$libshutdown$$0000000F  c_w.l(libshutdown2.o)
    0x0800025e   0x0800025e   0x00000002   Code   RO          677    .ARM.Collect$$libshutdown$$00000010  c_w.l(libshutdown2.o)
    0x08000260   0x08000260   0x00000000   Code   RO          176    .ARM.Collect$$rtentry$$00000000  c_w.l(__rtentry.o)
    0x08000260   0x08000260   0x00000000   Code   RO          376    .ARM.Collect$$rtentry$$00000002  c_w.l(__rtentry2.o)
    0x08000260   0x08000260   0x00000006   Code   RO          388    .ARM.Collect$$rtentry$$00000004  c_w.l(__rtentry4.o)
    0x08000266   0x08000266   0x00000000   Code   RO          378    .ARM.Collect$$rtentry$$00000009  c_w.l(__rtentry2.o)
    0x08000266   0x08000266   0x00000004   Code   RO          379    .ARM.Collect$$rtentry$$0000000A  c_w.l(__rtentry2.o)
    0x0800026a   0x0800026a   0x00000000   Code   RO          381    .ARM.Collect$$rtentry$$0000000C  c_w.l(__rtentry2.o)
    0x0800026a   0x0800026a   0x00000008   Code   RO          382    .ARM.Collect$$rtentry$$0000000D  c_w.l(__rtentry2.o)
    0x08000272   0x08000272   0x00000002   Code   RO          534    .ARM.Collect$$rtexit$$00000000  c_w.l(rtexit.o)
    0x08000274   0x08000274   0x00000000   Code   RO          609    .ARM.Collect$$rtexit$$00000002  c_w.l(rtexit2.o)
    0x08000274   0x08000274   0x00000004   Code   RO          610    .ARM.Collect$$rtexit$$00000003  c_w.l(rtexit2.o)
    0x08000278   0x08000278   0x00000006   Code   RO          611    .ARM.Collect$$rtexit$$00000004  c_w.l(rtexit2.o)
    0x0800027e   0x0800027e   0x00000002   PAD
    0x08000280   0x08000280   0x00000070   Code   RO            4    .text               startup_stm32f103xb.o
    0x080002f0   0x080002f0   0x00000002   Code   RO          112    .text               c_w.l(use_no_semi_2.o)
    0x080002f2   0x080002f2   0x00000002   PAD
    0x080002f4   0x080002f4   0x00000018   Code   RO          114    .text               c_w.l(printf.o)
    0x0800030c   0x0800030c   0x0000002c   Code   RO          116    .text               c_w.l(sprintf.o)
    0x08000338   0x08000338   0x0000003c   Code   RO          118    .text               c_w.l(sscanf.o)
    0x08000374   0x08000374   0x00000080   Code   RO          120    .text               c_w.l(assert.o)
    0x080003f4   0x080003f4   0x00000006   Code   RO          122    .text               c_w.l(heapauxi.o)
    0x080003fa   0x080003fa   0x00000002   Code   RO          174    .text               c_w.l(use_no_semi.o)
    0x080003fc   0x080003fc   0x00000016   Code   RO          177    .text               c_w.l(_rserrno.o)
    0x08000412   0x08000412   0x0000004e   Code   RO          181    .text               c_w.l(_printf_pad.o)
    0x08000460   0x08000460   0x00000024   Code   RO          183    .text               c_w.l(_printf_truncate.o)
    0x08000484   0x08000484   0x00000052   Code   RO          185    .text               c_w.l(_printf_str.o)
    0x080004d6   0x080004d6   0x00000002   PAD
    0x080004d8   0x080004d8   0x00000078   Code   RO          187    .text               c_w.l(_printf_dec.o)
    0x08000550   0x08000550   0x00000028   Code   RO          189    .text               c_w.l(_printf_charcount.o)
    0x08000578   0x08000578   0x00000030   Code   RO          191    .text               c_w.l(_printf_char_common.o)
    0x080005a8   0x080005a8   0x0000000a   Code   RO          193    .text               c_w.l(_sputc.o)
    0x080005b2   0x080005b2   0x00000002   PAD
    0x080005b4   0x080005b4   0x00000024   Code   RO          195    .text               c_w.l(_printf_char_file.o)
    0x080005d8   0x080005d8   0x000000bc   Code   RO          197    .text               c_w.l(_printf_wctomb.o)
    0x08000694   0x08000694   0x0000007c   Code   RO          200    .text               c_w.l(_printf_longlong_dec.o)
    0x08000710   0x08000710   0x00000070   Code   RO          206    .text               c_w.l(_printf_oct_int_ll.o)
    0x08000780   0x08000780   0x00000094   Code   RO          226    .text               c_w.l(_printf_hex_int_ll_ptr.o)
    0x08000814   0x08000814   0x00000188   Code   RO          246    .text               c_w.l(__printf_flags_ss_wp.o)
    0x0800099c   0x0800099c   0x00000156   Code   RO          272    .text               c_w.l(_scanf_longlong.o)
    0x08000af2   0x08000af2   0x0000014c   Code   RO          274    .text               c_w.l(_scanf_int.o)
    0x08000c3e   0x08000c3e   0x000000e0   Code   RO          276    .text               c_w.l(_scanf_str.o)
    0x08000d1e   0x08000d1e   0x00000002   PAD
    0x08000d20   0x08000d20   0x0000002c   Code   RO          278    .text               c_w.l(scanf_char.o)
    0x08000d4c   0x08000d4c   0x00000040   Code   RO          280    .text               c_w.l(_sgetc.o)
    0x08000d8c   0x08000d8c   0x00000114   Code   RO          282    .text               c_w.l(_scanf_mbtowc.o)
    0x08000ea0   0x08000ea0   0x000000e8   Code   RO          284    .text               c_w.l(_scanf_wctomb.o)
    0x08000f88   0x08000f88   0x000000d0   Code   RO          286    .text               c_w.l(_scanf_wstr.o)
    0x08001058   0x08001058   0x00000016   Code   RO          288    .text               c_w.l(abort.o)
    0x0800106e   0x0800106e   0x00000014   Code   RO          290    .text               c_w.l(assert_puts.o)
    0x08001082   0x08001082   0x00000002   PAD
    0x08001084   0x08001084   0x00000008   Code   RO          393    .text               c_w.l(rt_errno_addr_intlibspace.o)
    0x0800108c   0x0800108c   0x0000008a   Code   RO          395    .text               c_w.l(lludiv10.o)
    0x08001116   0x08001116   0x00000012   Code   RO          397    .text               c_w.l(isspace.o)
    0x08001128   0x08001128   0x000000b2   Code   RO          399    .text               c_w.l(_printf_intcommon.o)
    0x080011da   0x080011da   0x0000041c   Code   RO          401    .text               c_w.l(_printf_fp_dec.o)
    0x080015f6   0x080015f6   0x00000002   PAD
    0x080015f8   0x080015f8   0x000002fc   Code   RO          405    .text               c_w.l(_printf_fp_hex.o)
    0x080018f4   0x080018f4   0x0000002c   Code   RO          410    .text               c_w.l(_printf_char.o)
    0x08001920   0x08001920   0x0000002c   Code   RO          412    .text               c_w.l(_printf_wchar.o)
    0x0800194c   0x0800194c   0x0000001c   Code   RO          415    .text               c_w.l(_chval.o)
    0x08001968   0x08001968   0x00000374   Code   RO          417    .text               c_w.l(_scanf.o)
    0x08001cdc   0x08001cdc   0x000004f8   Code   RO          419    .text               c_w.l(scanf_fp.o)
    0x080021d4   0x080021d4   0x0000001e   Code   RO          423    .text               c_w.l(_scanf_wcharmap.o)
    0x080021f2   0x080021f2   0x00000008   Code   RO          425    .text               c_w.l(ferror.o)
    0x080021fa   0x080021fa   0x00000040   Code   RO          429    .text               c_w.l(_mbrtoc16.o)
    0x0800223a   0x0800223a   0x00000048   Code   RO          431    .text               c_w.l(_c16rtomb.o)
    0x08002282   0x08002282   0x0000000e   Code   RO          433    .text               c_w.l(defsig_abrt_outer.o)
    0x08002290   0x08002290   0x00000008   Code   RO          449    .text               c_w.l(libspace.o)
    0x08002298   0x08002298   0x0000004a   Code   RO          452    .text               c_w.l(sys_stackheap_outer.o)
    0x080022e2   0x080022e2   0x00000002   PAD
    0x080022e4   0x080022e4   0x00000010   Code   RO          454    .text               c_w.l(rt_ctype_table.o)
    0x080022f4   0x080022f4   0x00000008   Code   RO          461    .text               c_w.l(rt_locale_intlibspace.o)
    0x080022fc   0x080022fc   0x00000026   Code   RO          463    .text               c_w.l(llshl.o)
    0x08002322   0x08002322   0x00000002   PAD
    0x08002324   0x08002324   0x00000080   Code   RO          465    .text               c_w.l(_printf_fp_infnan.o)
    0x080023a4   0x080023a4   0x000000e4   Code   RO          467    .text               c_w.l(bigflt0.o)
    0x08002488   0x08002488   0x00000012   Code   RO          500    .text               c_w.l(exit.o)
    0x0800249a   0x0800249a   0x0000000a   Code   RO          502    .text               c_w.l(defsig_exit.o)
    0x080024a4   0x080024a4   0x00000030   Code   RO          504    .text               c_w.l(defsig_abrt_inner.o)
    0x080024d4   0x080024d4   0x00000320   Code   RO          536    .text               c_w.l(scanf_hexfp.o)
    0x080027f4   0x080027f4   0x00000134   Code   RO          538    .text               c_w.l(scanf_infnan.o)
    0x08002928   0x08002928   0x00000032   Code   RO          547    .text               c_w.l(defsig_general.o)
    0x0800295a   0x0800295a   0x00000002   PAD
    0x0800295c   0x0800295c   0x00000080   Code   RO          549    .text               c_w.l(strcmpv7m.o)
    0x080029dc   0x080029dc   0x0000002c   Code   RO           59    .text.SystemInit    main.o
    0x08002a08   0x08002a08   0x00000008   Code   RO           87    .text._sys_exit     sys.o
    0x08002a10   0x08002a10   0x0000000a   Code   RO           85    .text._ttywrch      sys.o
    0x08002a1a   0x08002a1a   0x00000002   PAD
    0x08002a1c   0x08002a1c   0x0000003e   Code   RO           57    .text.check_cpu     main.o
    0x08002a5a   0x08002a5a   0x00000002   PAD
    0x08002a5c   0x08002a5c   0x000000b8   Code   RO           93    .text.fget_char     sys.o
    0x08002b14   0x08002b14   0x0000004e   Code   RO           91    .text.fput_char     sys.o
    0x08002b62   0x08002b62   0x00000002   PAD
    0x08002b64   0x08002b64   0x00000016   Code   RO           95    .text.fputc         sys.o
    0x08002b7a   0x08002b7a   0x00000002   PAD
    0x08002b7c   0x08002b7c   0x00000014   Code   RO           13    .text.get_flash_ver  main.o
    0x08002b90   0x08002b90   0x00000038   Code   RO           89    .text.get_system_time  sys.o
    0x08002bc8   0x08002bc8   0x0000007c   Code   RO           61    .text.main          main.o
    0x08002c44   0x08002c44   0x0000022e   Code   RO           47    .text.scan_calc_f   main.o
    0x08002e72   0x08002e72   0x00000002   PAD
    0x08002e74   0x08002e74   0x00000036   Code   RO           17    .text.scan_uart     main.o
    0x08002eaa   0x08002eaa   0x00000002   PAD
    0x08002eac   0x08002eac   0x0000003e   Code   RO           43    .text.sleep         main.o
    0x08002eea   0x08002eea   0x00000002   PAD
    0x08002eec   0x08002eec   0x000001da   Code   RO           51    .text.test_double   main.o
    0x080030c6   0x080030c6   0x00000002   PAD
    0x080030c8   0x080030c8   0x00000170   Code   RO           49    .text.test_float    main.o
    0x08003238   0x08003238   0x0000003e   Code   RO          470    CL$$btod_d2e        c_w.l(btod.o)
    0x08003276   0x08003276   0x00000046   Code   RO          472    CL$$btod_d2e_denorm_low  c_w.l(btod.o)
    0x080032bc   0x080032bc   0x00000060   Code   RO          471    CL$$btod_d2e_norm_op1  c_w.l(btod.o)
    0x0800331c   0x0800331c   0x00000338   Code   RO          480    CL$$btod_div_common  c_w.l(btod.o)
    0x08003654   0x08003654   0x00000084   Code   RO          478    CL$$btod_e2d        c_w.l(btod.o)
    0x080036d8   0x080036d8   0x000000dc   Code   RO          477    CL$$btod_e2e        c_w.l(btod.o)
    0x080037b4   0x080037b4   0x0000002a   Code   RO          474    CL$$btod_ediv       c_w.l(btod.o)
    0x080037de   0x080037de   0x0000002a   Code   RO          476    CL$$btod_edivd      c_w.l(btod.o)
    0x08003808   0x08003808   0x0000002a   Code   RO          473    CL$$btod_emul       c_w.l(btod.o)
    0x08003832   0x08003832   0x0000002a   Code   RO          475    CL$$btod_emuld      c_w.l(btod.o)
    0x0800385c   0x0800385c   0x00000244   Code   RO          479    CL$$btod_mult_common  c_w.l(btod.o)
    0x08003aa0   0x08003aa0   0x00000028   Code   RO          347    i.__ARM_fpclassify  m_ws.l(fpclassify.o)
    0x08003ac8   0x08003ac8   0x00000026   Code   RO          349    i.__ARM_fpclassifyf  m_ws.l(fpclassifyf.o)
    0x08003aee   0x08003aee   0x000000aa   Code   RO          365    i.__kernel_poly     m_ws.l(poly.o)
    0x08003b98   0x08003b98   0x00000006   Code   RO          334    i.__mathlib_dbl_infnan  m_ws.l(dunder.o)
    0x08003b9e   0x08003b9e   0x0000000c   Code   RO          336    i.__mathlib_dbl_invalid  m_ws.l(dunder.o)
    0x08003baa   0x08003baa   0x0000000e   Code   RO          337    i.__mathlib_dbl_overflow  m_ws.l(dunder.o)
    0x08003bb8   0x08003bb8   0x00000010   Code   RO          339    i.__mathlib_dbl_underflow  m_ws.l(dunder.o)
    0x08003bc8   0x08003bc8   0x00000006   Code   RO          352    i.__mathlib_flt_infnan  m_ws.l(funder.o)
    0x08003bce   0x08003bce   0x00000008   Code   RO          354    i.__mathlib_flt_invalid  m_ws.l(funder.o)
    0x08003bd6   0x08003bd6   0x0000000a   Code   RO          357    i.__mathlib_flt_underflow  m_ws.l(funder.o)
    0x08003be0   0x08003be0   0x00000010   Code   RO          528    i.__mathlib_narrow  m_ws.l(narrow.o)
    0x08003bf0   0x08003bf0   0x000000bc   Code   RO          529    i.__mathlib_tofloat  m_ws.l(narrow.o)
    0x08003cac   0x08003cac   0x00000016   Code   RO          624    i.__support_ldexp   m_ws.l(ldexp.o)
    0x08003cc2   0x08003cc2   0x0000000e   Code   RO          239    i._is_digit         c_w.l(__printf_wp.o)
    0x08003cd0   0x08003cd0   0x0000027c   Code   RO          157    i.acos              m_ws.l(acos.o)
    0x08003f4c   0x08003f4c   0x0000011c   Code   RO          162    i.acosf             m_ws.l(acosf.o)
    0x08004068   0x08004068   0x00000270   Code   RO          166    i.asin              m_ws.l(asin.o)
    0x080042d8   0x080042d8   0x00000124   Code   RO          171    i.asinf             m_ws.l(asinf.o)
    0x080043fc   0x080043fc   0x00000058   Code   RO          605    i.frexp             m_ws.l(frexp.o)
    0x08004454   0x08004454   0x00000074   Code   RO          625    i.ldexp             m_ws.l(ldexp.o)
    0x080044c8   0x080044c8   0x0000004c   Code   RO          368    i.sqrt              m_ws.l(sqrt.o)
    0x08004514   0x08004514   0x0000002c   Code   RO          372    i.sqrtf             m_ws.l(sqrtf.o)
    0x08004540   0x08004540   0x0000002c   Code   RO          498    locale$$code        c_w.l(lc_numeric_c.o)
    0x0800456c   0x0800456c   0x0000002c   Code   RO          543    locale$$code        c_w.l(lc_ctype_c.o)
    0x08004598   0x08004598   0x00000062   Code   RO          598    x$fpl$d2f           fz_ws.l(d2f.o)
    0x080045fa   0x080045fa   0x00000002   PAD
    0x080045fc   0x080045fc   0x00000150   Code   RO          292    x$fpl$dadd          fz_ws.l(daddsub_clz.o)
    0x0800474c   0x0800474c   0x00000010   Code   RO          437    x$fpl$dcheck1       fz_ws.l(dcheck1.o)
    0x0800475c   0x0800475c   0x00000018   Code   RO          439    x$fpl$dcmpinf       fz_ws.l(dcmpi.o)
    0x08004774   0x08004774   0x000002b4   Code   RO          129    x$fpl$ddiv          fz_ws.l(ddiv.o)
    0x08004a28   0x08004a28   0x00000078   Code   RO          298    x$fpl$deqf          fz_ws.l(deqf.o)
    0x08004aa0   0x08004aa0   0x00000078   Code   RO          300    x$fpl$dgeqf         fz_ws.l(dgeqf.o)
    0x08004b18   0x08004b18   0x00000078   Code   RO          302    x$fpl$dleqf         fz_ws.l(dleqf.o)
    0x08004b90   0x08004b90   0x00000154   Code   RO          132    x$fpl$dmul          fz_ws.l(dmul.o)
    0x08004ce4   0x08004ce4   0x0000009c   Code   RO          304    x$fpl$dnaninf       fz_ws.l(dnaninf.o)
    0x08004d80   0x08004d80   0x0000000c   Code   RO          306    x$fpl$dretinf       fz_ws.l(dretinf.o)
    0x08004d8c   0x08004d8c   0x0000006c   Code   RO          600    x$fpl$drleqf        fz_ws.l(drleqf.o)
    0x08004df8   0x08004df8   0x00000016   Code   RO          293    x$fpl$drsb          fz_ws.l(daddsub_clz.o)
    0x08004e0e   0x08004e0e   0x00000002   PAD
    0x08004e10   0x08004e10   0x000001cc   Code   RO          441    x$fpl$dsqrt         fz_ws.l(dsqrt_noumaal.o)
    0x08004fdc   0x08004fdc   0x000001dc   Code   RO          294    x$fpl$dsub          fz_ws.l(daddsub_clz.o)
    0x080051b8   0x080051b8   0x00000056   Code   RO          134    x$fpl$f2d           fz_ws.l(f2d.o)
    0x0800520e   0x0800520e   0x00000002   PAD
    0x08005210   0x08005210   0x000000c4   Code   RO          136    x$fpl$fadd          fz_ws.l(faddsub_clz.o)
    0x080052d4   0x080052d4   0x0000000c   Code   RO          443    x$fpl$fcheck1       fz_ws.l(fcheck1.o)
    0x080052e0   0x080052e0   0x00000054   Code   RO          126    x$fpl$fcmp          fz_ws.l(dcmp.o)
    0x08005334   0x08005334   0x00000054   Code   RO          142    x$fpl$fcmp          fz_ws.l(fcmp.o)
    0x08005388   0x08005388   0x00000018   Code   RO          445    x$fpl$fcmpinf       fz_ws.l(fcmpi.o)
    0x080053a0   0x080053a0   0x00000184   Code   RO          145    x$fpl$fdiv          fz_ws.l(fdiv.o)
    0x08005524   0x08005524   0x00000068   Code   RO          308    x$fpl$feqf          fz_ws.l(feqf.o)
    0x0800558c   0x0800558c   0x00000030   Code   RO          149    x$fpl$fflt          fz_ws.l(fflt_clz.o)
    0x080055bc   0x080055bc   0x00000068   Code   RO          310    x$fpl$fgeqf         fz_ws.l(fgeqf.o)
    0x08005624   0x08005624   0x00000068   Code   RO          312    x$fpl$fleqf         fz_ws.l(fleqf.o)
    0x0800568c   0x0800568c   0x00000102   Code   RO          154    x$fpl$fmul          fz_ws.l(fmul.o)
    0x0800578e   0x0800578e   0x0000008c   Code   RO          314    x$fpl$fnaninf       fz_ws.l(fnaninf.o)
    0x0800581a   0x0800581a   0x0000000a   Code   RO          316    x$fpl$fretinf       fz_ws.l(fretinf.o)
    0x08005824   0x08005824   0x00000014   Code   RO          137    x$fpl$frsb          fz_ws.l(faddsub_clz.o)
    0x08005838   0x08005838   0x00000110   Code   RO          447    x$fpl$fsqrt         fz_ws.l(fsqrt.o)
    0x08005948   0x08005948   0x000000ea   Code   RO          138    x$fpl$fsub          fz_ws.l(faddsub_clz.o)
    0x08005a32   0x08005a32   0x00000006   Code   RO          518    x$fpl$ieeestatus    fz_ws.l(istatus.o)
    0x08005a38   0x08005a38   0x00000004   Code   RO          318    x$fpl$printf1       fz_ws.l(printf1.o)
    0x08005a3c   0x08005a3c   0x00000004   Code   RO          320    x$fpl$printf2       fz_ws.l(printf2.o)
    0x08005a40   0x08005a40   0x00000064   Code   RO          520    x$fpl$retnan        fz_ws.l(retnan.o)
    0x08005aa4   0x08005aa4   0x0000005c   Code   RO          326    x$fpl$scalbn        fz_ws.l(scalbn.o)
    0x08005b00   0x08005b00   0x0000004c   Code   RO          328    x$fpl$scalbnf       fz_ws.l(scalbnf.o)
    0x08005b4c   0x08005b4c   0x00000004   Code   RO          330    x$fpl$scanf1        fz_ws.l(scanf1.o)
    0x08005b50   0x08005b50   0x00000008   Code   RO          522    x$fpl$scanf2        fz_ws.l(scanf2.o)
    0x08005b58   0x08005b58   0x00000030   Code   RO          602    x$fpl$trapveneer    fz_ws.l(trapv.o)
    0x08005b88   0x08005b88   0x00000000   Code   RO          332    x$fpl$usenofp       fz_ws.l(usenofp.o)
    0x08005b88   0x08005b88   0x00000050   Data   RO          158    .constdata          m_ws.l(acos.o)
    0x08005bd8   0x08005bd8   0x00000050   Data   RO          167    .constdata          m_ws.l(asin.o)
    0x08005c28   0x08005c28   0x00000008   Data   RO          198    .constdata          c_w.l(_printf_wctomb.o)
    0x08005c30   0x08005c30   0x00000028   Data   RO          227    .constdata          c_w.l(_printf_hex_int_ll_ptr.o)
    0x08005c58   0x08005c58   0x00000011   Data   RO          247    .constdata          c_w.l(__printf_flags_ss_wp.o)
    0x08005c69   0x08005c69   0x00000026   Data   RO          406    .constdata          c_w.l(_printf_fp_hex.o)
    0x08005c8f   0x08005c8f   0x00000001   PAD
    0x08005c90   0x08005c90   0x00000094   Data   RO          468    .constdata          c_w.l(bigflt0.o)
    0x08005d24   0x08005d24   0x000002ff   Data   RO           64    .rodata.str1.1      main.o
    0x08006023   0x08006023   0x00000001   PAD
    0x08006024   0x08006024   0x00000020   Data   RO          680    Region$$Table       anon$$obj.o
    0x08006044   0x08006044   0x00000008   Data   RO          514    c$$dinf             fz_ws.l(fpconst.o)
    0x0800604c   0x0800604c   0x00000008   Data   RO          517    c$$dmax             fz_ws.l(fpconst.o)
    0x08006054   0x08006054   0x0000001c   Data   RO          497    locale$$data        c_w.l(lc_numeric_c.o)
    0x08006070   0x08006070   0x00000110   Data   RO          542    locale$$data        c_w.l(lc_ctype_c.o)


    Execution Region RW_IRAM1 (Exec base: 0x20000000, Load base: 0x08006180, Size: 0x00000d30, Max: 0x00001000, ABSOLUTE, COMPRESSED[0x00000030])

    Exec Addr    Load Addr    Size         Type   Attr      Idx    E Section Name        Object

    0x20000000   COMPRESSED   0x00000400   Data   RW           63    .data.read_str      main.o
    0x20000400   COMPRESSED   0x00000008   Data   RW           70    .data.test_double.d_v1  main.o
    0x20000408   COMPRESSED   0x00000008   Data   RW           71    .data.test_double.d_v2  main.o
    0x20000410   COMPRESSED   0x00000004   Data   RW           65    .data.test_float.f_v1  main.o
    0x20000414   COMPRESSED   0x00000004   Data   RW           66    .data.test_float.f_v2  main.o
    0x20000418        -       0x00000060   Zero   RW          450    .bss                c_w.l(libspace.o)
    0x20000478        -       0x00000054   Zero   RW          102    .bss.__stdout       sys.o
    0x200004cc        -       0x00000001   Zero   RW           99    .bss.cpu_ver        sys.o
    0x200004cd   COMPRESSED   0x00000003   PAD
    0x200004d0        -       0x00000004   Zero   RW           76    .bss.main.flash_ver  main.o
    0x200004d4        -       0x00000004   Zero   RW           75    .bss.main.index     main.o
    0x200004d8        -       0x00000002   Zero   RW          101    .bss.read_test_index  sys.o
    0x200004da   COMPRESSED   0x00000002   PAD
    0x200004dc        -       0x00000004   Zero   RW          100    .bss.temp_tck       sys.o
    0x200004e0        -       0x00000008   Zero   RW           73    .bss.test_double.d_c  main.o
    0x200004e8        -       0x00000008   Zero   RW           72    .bss.test_double.d_v  main.o
    0x200004f0        -       0x00000032   Zero   RW           74    .bss.test_double.str  main.o
    0x20000522   COMPRESSED   0x00000002   PAD
    0x20000524        -       0x00000004   Zero   RW           68    .bss.test_float.f_c  main.o
    0x20000528        -       0x00000004   Zero   RW           67    .bss.test_float.f_v  main.o
    0x2000052c   COMPRESSED   0x00000004   PAD
    0x20000530        -       0x00000000   Zero   RW            2    HEAP                startup_stm32f103xb.o
    0x20000530        -       0x00000800   Zero   RW            1    STACK               startup_stm32f103xb.o


==============================================================================

Image component sizes


      Code (inc. data)   RO Data    RW Data    ZI Data      Debug   Object Name

      1766          0        767       1048         82       7490   main.o
       112         22        236          0       2048        952   startup_stm32f103xb.o
       358          0          0          0         91       2152   sys.o

    ----------------------------------------------------------------------
      2252         22       1036       1048       2232      10594   Object Totals
         0          0         32          0          0          0   (incl. Generated)
        16          0          1          0         11          0   (incl. Padding)

    ----------------------------------------------------------------------

      Code (inc. data)   RO Data    RW Data    ZI Data      Debug   Library Member Name

        58          0          0          0          0          0   __dczerorl.o
         8          0          0          0          0         68   __main.o
       392          4         17          0          0         92   __printf_flags_ss_wp.o
        14          0          0          0          0         68   __printf_wp.o
         0          0          0          0          0          0   __rtentry.o
        12          0          0          0          0          0   __rtentry2.o
         6          0          0          0          0          0   __rtentry4.o
        94          8          0          0          0          0   __scatter.o
        28          0          0          0          0          0   __scatter_zi.o
        72          0          0          0          0         96   _c16rtomb.o
        28          0          0          0          0         68   _chval.o
        64          0          0          0          0         84   _mbrtoc16.o
         6          0          0          0          0          0   _printf_a.o
         6          0          0          0          0          0   _printf_c.o
        44          0          0          0          0        108   _printf_char.o
        48          6          0          0          0         96   _printf_char_common.o
        36          4          0          0          0         80   _printf_char_file.o
        40          0          0          0          0         68   _printf_charcount.o
         6          0          0          0          0          0   _printf_d.o
       120         16          0          0          0         92   _printf_dec.o
         6          0          0          0          0          0   _printf_e.o
         6          0          0          0          0          0   _printf_f.o
      1052          0          0          0          0        148   _printf_fp_dec.o
       764          8         38          0          0        100   _printf_fp_hex.o
       128         16          0          0          0         84   _printf_fp_infnan.o
         6          0          0          0          0          0   _printf_g.o
       148          4         40          0          0        160   _printf_hex_int_ll_ptr.o
         6          0          0          0          0          0   _printf_i.o
       178          0          0          0          0         88   _printf_intcommon.o
        10          0          0          0          0          0   _printf_l.o
         6          0          0          0          0          0   _printf_lc.o
        10          0          0          0          0          0   _printf_ll.o
         6          0          0          0          0          0   _printf_lld.o
         6          0          0          0          0          0   _printf_lli.o
         6          0          0          0          0          0   _printf_llo.o
         6          0          0          0          0          0   _printf_llu.o
         6          0          0          0          0          0   _printf_llx.o
       124         16          0          0          0         92   _printf_longlong_dec.o
         6          0          0          0          0          0   _printf_ls.o
         6          0          0          0          0          0   _printf_n.o
         6          0          0          0          0          0   _printf_o.o
       112          8          0          0          0        124   _printf_oct_int_ll.o
         6          0          0          0          0          0   _printf_p.o
        78          0          0          0          0        108   _printf_pad.o
         0          0          0          0          0          0   _printf_percent.o
         4          0          0          0          0          0   _printf_percent_end.o
         6          0          0          0          0          0   _printf_s.o
        82          0          0          0          0         80   _printf_str.o
        36          0          0          0          0         84   _printf_truncate.o
         6          0          0          0          0          0   _printf_u.o
        44          0          0          0          0        108   _printf_wchar.o
       188          6          8          0          0         92   _printf_wctomb.o
         6          0          0          0          0          0   _printf_x.o
        22          0          0          0          0        100   _rserrno.o
       884          6          0          0          0        100   _scanf.o
       332          0          0          0          0         96   _scanf_int.o
       342          0          0          0          0        100   _scanf_longlong.o
       276          0          0          0          0        100   _scanf_mbtowc.o
       224          0          0          0          0         96   _scanf_str.o
        30          0          0          0          0         76   _scanf_wcharmap.o
       232          0          0          0          0        100   _scanf_wctomb.o
       208          0          0          0          0         96   _scanf_wstr.o
        64          0          0          0          0         84   _sgetc.o
        10          0          0          0          0         68   _sputc.o
        22          0          0          0          0         80   abort.o
       128         42          0          0          0         76   assert.o
        20          0          0          0          0         76   assert_puts.o
       228          4        148          0          0         96   bigflt0.o
      2152        136          0          0          0        956   btod.o
        48         34          0          0          0         76   defsig_abrt_inner.o
        14          0          0          0          0         80   defsig_abrt_outer.o
        10          0          0          0          0         68   defsig_exit.o
        50          0          0          0          0         88   defsig_general.o
        18          0          0          0          0         80   exit.o
         8          0          0          0          0         68   ferror.o
         6          0          0          0          0        152   heapauxi.o
        18          0          0          0          0         76   isspace.o
        44         10        272          0          0         76   lc_ctype_c.o
        44         10         28          0          0         76   lc_numeric_c.o
         2          0          0          0          0          0   libinit.o
        30          0          0          0          0          0   libinit2.o
         2          0          0          0          0          0   libshutdown.o
         2          0          0          0          0          0   libshutdown2.o
         8          4          0          0         96         68   libspace.o
        38          0          0          0          0         68   llshl.o
       138          0          0          0          0         80   lludiv10.o
        24          4          0          0          0         84   printf.o
        16          4          0          0          0         76   rt_ctype_table.o
         8          4          0          0          0         68   rt_errno_addr_intlibspace.o
         8          4          0          0          0         68   rt_locale_intlibspace.o
         2          0          0          0          0          0   rtexit.o
        10          0          0          0          0          0   rtexit2.o
        44          8          0          0          0         84   scanf_char.o
      1272         16          0          0          0        168   scanf_fp.o
       800         14          0          0          0        100   scanf_hexfp.o
       308         16          0          0          0        100   scanf_infnan.o
        44          6          0          0          0         84   sprintf.o
        60          8          0          0          0         84   sscanf.o
       128          0          0          0          0         68   strcmpv7m.o
        74          0          0          0          0         80   sys_stackheap_outer.o
         2          0          0          0          0         68   use_no_semi.o
         2          0          0          0          0         68   use_no_semi_2.o
        98          4          0          0          0         92   d2f.o
       834         16          0          0          0        372   daddsub_clz.o
        16          4          0          0          0         68   dcheck1.o
        84          0          0          0          0        196   dcmp.o
        24          0          0          0          0         68   dcmpi.o
       692        140          0          0          0        216   ddiv.o
       120          4          0          0          0         92   deqf.o
       120          4          0          0          0         92   dgeqf.o
       120          4          0          0          0         92   dleqf.o
       340         12          0          0          0        104   dmul.o
       156          4          0          0          0         92   dnaninf.o
        12          0          0          0          0         68   dretinf.o
       108          0          0          0          0         80   drleqf.o
       460         56          0          0          0        120   dsqrt_noumaal.o
        86          4          0          0          0         84   f2d.o
       450          8          0          0          0        236   faddsub_clz.o
        12          4          0          0          0         68   fcheck1.o
        84          0          0          0          0        196   fcmp.o
        24          0          0          0          0         68   fcmpi.o
       388         76          0          0          0         96   fdiv.o
       104          4          0          0          0         84   feqf.o
        48          0          0          0          0         68   fflt_clz.o
       104          4          0          0          0         84   fgeqf.o
       104          4          0          0          0         84   fleqf.o
       258          4          0          0          0         84   fmul.o
       140          4          0          0          0         84   fnaninf.o
         0          0         16          0          0          0   fpconst.o
        10          0          0          0          0         68   fretinf.o
       272        100          0          0          0         88   fsqrt.o
         6          0          0          0          0         68   istatus.o
         4          0          0          0          0         68   printf1.o
         4          0          0          0          0         68   printf2.o
       100          0          0          0          0         68   retnan.o
        92          0          0          0          0         68   scalbn.o
        76          0          0          0          0         68   scalbnf.o
         4          0          0          0          0         68   scanf1.o
         8          0          0          0          0         84   scanf2.o
        48          0          0          0          0         68   trapv.o
         0          0          0          0          0          0   usenofp.o
       636         62         80          0          0        188   acos.o
       284         42          0          0          0        120   acosf.o
       624         52         80          0          0        168   asin.o
       292         38          0          0          0        120   asinf.o
        48          6          0          0          0        272   dunder.o
        40          0          0          0          0         68   fpclassify.o
        38          0          0          0          0         68   fpclassifyf.o
        88          8          0          0          0         76   frexp.o
        24          0          0          0          0        204   funder.o
       138          0          0          0          0        160   ldexp.o
       204          4          0          0          0        168   narrow.o
       170          0          0          0          0         96   poly.o
        76          0          0          0          0         84   sqrt.o
        44          0          0          0          0         80   sqrtf.o

    ----------------------------------------------------------------------
     20944       1098        728          0         96      12388   Library Totals
        30          0          1          0          0          0   (incl. Padding)

    ----------------------------------------------------------------------

      Code (inc. data)   RO Data    RW Data    ZI Data      Debug   Library Name

     12598        426        551          0         96       6744   c_w.l
      5610        460         16          0          0       3772   fz_ws.l
      2706        212        160          0          0       1872   m_ws.l

    ----------------------------------------------------------------------
     20944       1098        728          0         96      12388   Library Totals

    ----------------------------------------------------------------------

==============================================================================


      Code (inc. data)   RO Data    RW Data    ZI Data      Debug   

     23196       1120       1764       1048       2328      16110   Grand Totals
     23196       1120       1764         48       2328      16110   ELF Image Totals (compressed)
     23196       1120       1764         48          0          0   ROM Totals

==============================================================================

    Total RO  Size (Code + RO Data)                24960 (  24.38kB)
    Total RW  Size (RW Data + ZI Data)              3376 (   3.30kB)
    Total ROM Size (Code + RO Data + RW Data)      25008 (  24.42kB)

==============================================================================

