Component: Arm Compiler for Embedded 6.21 Tool: armlink [5ec1fa00]

==============================================================================

Section Cross References

    startup_stm32f103xb.o(STACK) refers (Special) to heapauxi.o(.text) for __use_two_region_memory
    startup_stm32f103xb.o(HEAP) refers (Special) to heapauxi.o(.text) for __use_two_region_memory
    startup_stm32f103xb.o(RESET) refers (Special) to heapauxi.o(.text) for __use_two_region_memory
    startup_stm32f103xb.o(RESET) refers to startup_stm32f103xb.o(STACK) for __initial_sp
    startup_stm32f103xb.o(RESET) refers to startup_stm32f103xb.o(.text) for Reset_Handler
    startup_stm32f103xb.o(.text) refers (Special) to heapauxi.o(.text) for __use_two_region_memory
    startup_stm32f103xb.o(.text) refers to main.o(.text.SystemInit) for SystemInit
    startup_stm32f103xb.o(.text) refers to __main.o(!!!main) for __main
    startup_stm32f103xb.o(.text) refers to startup_stm32f103xb.o(HEAP) for Heap_Mem
    startup_stm32f103xb.o(.text) refers to startup_stm32f103xb.o(STACK) for Stack_Mem
    main.o(.text) refers (Special) to _printf_percent.o(.ARM.Collect$$_printf_percent$$00000000) for _printf_percent
    main.o(.text) refers (Special) to _printf_c.o(.ARM.Collect$$_printf_percent$$00000013) for _printf_c
    main.o(.text) refers (Special) to _printf_s.o(.ARM.Collect$$_printf_percent$$00000014) for _printf_s
    main.o(.text) refers (Special) to _printf_x.o(.ARM.Collect$$_printf_percent$$0000000C) for _printf_x
    main.o(.text) refers (Special) to _printf_d.o(.ARM.Collect$$_printf_percent$$00000009) for _printf_d
    main.o(.text) refers (Special) to _printf_u.o(.ARM.Collect$$_printf_percent$$0000000A) for _printf_u
    main.o(.text) refers (Special) to _printf_f.o(.ARM.Collect$$_printf_percent$$00000003) for _printf_f
    main.o(.text) refers (Special) to _printf_dec.o(.text) for _printf_int_dec
    main.o(.text) refers (Special) to _printf_hex_int.o(.text) for _printf_longlong_hex
    main.o(.text) refers (Special) to printf1.o(x$fpl$printf1) for _printf_fp_dec
    main.o(.text) refers (Special) to _printf_str.o(.text) for _printf_str
    main.o(.text.get_flash_write_addr) refers (Special) to _printf_percent.o(.ARM.Collect$$_printf_percent$$00000000) for _printf_percent
    main.o(.text.get_flash_write_addr) refers (Special) to _printf_c.o(.ARM.Collect$$_printf_percent$$00000013) for _printf_c
    main.o(.text.get_flash_write_addr) refers (Special) to _printf_s.o(.ARM.Collect$$_printf_percent$$00000014) for _printf_s
    main.o(.text.get_flash_write_addr) refers (Special) to _printf_x.o(.ARM.Collect$$_printf_percent$$0000000C) for _printf_x
    main.o(.text.get_flash_write_addr) refers (Special) to _printf_d.o(.ARM.Collect$$_printf_percent$$00000009) for _printf_d
    main.o(.text.get_flash_write_addr) refers (Special) to _printf_u.o(.ARM.Collect$$_printf_percent$$0000000A) for _printf_u
    main.o(.text.get_flash_write_addr) refers (Special) to _printf_f.o(.ARM.Collect$$_printf_percent$$00000003) for _printf_f
    main.o(.text.get_flash_write_addr) refers (Special) to _printf_dec.o(.text) for _printf_int_dec
    main.o(.text.get_flash_write_addr) refers (Special) to _printf_hex_int.o(.text) for _printf_longlong_hex
    main.o(.text.get_flash_write_addr) refers (Special) to printf1.o(x$fpl$printf1) for _printf_fp_dec
    main.o(.text.get_flash_write_addr) refers (Special) to _printf_str.o(.text) for _printf_str
    main.o(.ARM.exidx.text.get_flash_write_addr) refers (Special) to _printf_percent.o(.ARM.Collect$$_printf_percent$$00000000) for _printf_percent
    main.o(.ARM.exidx.text.get_flash_write_addr) refers (Special) to _printf_c.o(.ARM.Collect$$_printf_percent$$00000013) for _printf_c
    main.o(.ARM.exidx.text.get_flash_write_addr) refers (Special) to _printf_s.o(.ARM.Collect$$_printf_percent$$00000014) for _printf_s
    main.o(.ARM.exidx.text.get_flash_write_addr) refers (Special) to _printf_x.o(.ARM.Collect$$_printf_percent$$0000000C) for _printf_x
    main.o(.ARM.exidx.text.get_flash_write_addr) refers (Special) to _printf_d.o(.ARM.Collect$$_printf_percent$$00000009) for _printf_d
    main.o(.ARM.exidx.text.get_flash_write_addr) refers (Special) to _printf_u.o(.ARM.Collect$$_printf_percent$$0000000A) for _printf_u
    main.o(.ARM.exidx.text.get_flash_write_addr) refers (Special) to _printf_f.o(.ARM.Collect$$_printf_percent$$00000003) for _printf_f
    main.o(.ARM.exidx.text.get_flash_write_addr) refers (Special) to _printf_dec.o(.text) for _printf_int_dec
    main.o(.ARM.exidx.text.get_flash_write_addr) refers (Special) to _printf_hex_int.o(.text) for _printf_longlong_hex
    main.o(.ARM.exidx.text.get_flash_write_addr) refers (Special) to printf1.o(x$fpl$printf1) for _printf_fp_dec
    main.o(.ARM.exidx.text.get_flash_write_addr) refers (Special) to _printf_str.o(.text) for _printf_str
    main.o(.ARM.exidx.text.get_flash_write_addr) refers to main.o(.text.get_flash_write_addr) for [Anonymous Symbol]
[...]
    .ARM.Collect$$libshutdown$$00000004      0x080001ba   Section        0  libshutdown2.o(.ARM.Collect$$libshutdown$$00000004)
    .ARM.Collect$$libshutdown$$00000007      0x080001ba   Section        0  libshutdown2.o(.ARM.Collect$$libshutdown$$00000007)
    .ARM.Collect$$libshutdown$$0000000A      0x080001ba   Section        0  libshutdown2.o(.ARM.Collect$$libshutdown$$0000000A)
    .ARM.Collect$$libshutdown$$0000000C      0x080001ba   Section        0  libshutdown2.o(.ARM.Collect$$libshutdown$$0000000C)
    .ARM.Collect$$libshutdown$$0000000F      0x080001ba   Section        0  libshutdown2.o(.ARM.Collect$$libshutdown$$0000000F)
    .ARM.Collect$$libshutdown$$00000010      0x080001ba   Section        2  libshutdown2.o(.ARM.Collect$$libshutdown$$00000010)
    .ARM.Collect$$rtentry$$00000000          0x080001bc   Section        0  __rtentry.o(.ARM.Collect$$rtentry$$00000000)
    .ARM.Collect$$rtentry$$00000002          0x080001bc   Section        0  __rtentry2.o(.ARM.Collect$$rtentry$$00000002)
    .ARM.Collect$$rtentry$$00000004          0x080001bc   Section        6  __rtentry4.o(.ARM.Collect$$rtentry$$00000004)
    .ARM.Collect$$rtentry$$00000009          0x080001c2   Section        0  __rtentry2.o(.ARM.Collect$$rtentry$$00000009)
    .ARM.Collect$$rtentry$$0000000A          0x080001c2   Section        4  __rtentry2.o(.ARM.Collect$$rtentry$$0000000A)
    .ARM.Collect$$rtentry$$0000000C          0x080001c6   Section        0  __rtentry2.o(.ARM.Collect$$rtentry$$0000000C)
    .ARM.Collect$$rtentry$$0000000D          0x080001c6   Section        8  __rtentry2.o(.ARM.Collect$$rtentry$$0000000D)
    .ARM.Collect$$rtexit$$00000000           0x080001ce   Section        2  rtexit.o(.ARM.Collect$$rtexit$$00000000)
    .ARM.Collect$$rtexit$$00000002           0x080001d0   Section        0  rtexit2.o(.ARM.Collect$$rtexit$$00000002)
    .ARM.Collect$$rtexit$$00000003           0x080001d0   Section        4  rtexit2.o(.ARM.Collect$$rtexit$$00000003)
    .ARM.Collect$$rtexit$$00000004           0x080001d4   Section        6  rtexit2.o(.ARM.Collect$$rtexit$$00000004)
    .text                                    0x080001dc   Section      112  startup_stm32f103xb.o(.text)
    .text                                    0x0800024c   Section        2  use_no_semi_2.o(.text)
    .text                                    0x08000250   Section       16  rt_ctype_table.o(.text)
    .text                                    0x08000260   Section        0  tolower.o(.text)
    .text                                    0x0800027a   Section        0  toupper.o(.text)
    .text                                    0x08000298   Section        0  noretval__2printf.o(.text)
    .text                                    0x080002b0   Section        0  __printf.o(.text)
    .text                                    0x08000318   Section        0  _printf_str.o(.text)
    .text                                    0x0800036c   Section        0  _printf_dec.o(.text)
    .text                                    0x080003e4   Section        0  _printf_hex_int.o(.text)
    .text                                    0x0800043c   Section        0  puts.o(.text)
    .text                                    0x08000468   Section        0  assert.o(.text)
    .text                                    0x080004e8   Section        0  heapauxi.o(.text)
    .text                                    0x080004ee   Section        2  use_no_semi.o(.text)
    .text                                    0x080004f0   Section        8  rt_locale_intlibspace.o(.text)
    .text                                    0x080004f8   Section        0  _rserrno.o(.text)
    .text                                    0x0800050e   Section        0  _printf_intcommon.o(.text)
    _fp_digits                               0x080005c1   Thumb Code   432  _printf_fp_dec.o(.text)
    .text                                    0x080005c0   Section        0  _printf_fp_dec.o(.text)
    .text                                    0x080009dc   Section        0  _printf_char.o(.text)
    .text                                    0x08000a08   Section        0  _printf_char_file.o(.text)
    .text                                    0x08000a2c   Section        0  abort.o(.text)
    .text                                    0x08000a42   Section        0  assert_puts.o(.text)
    .text                                    0x08000a58   Section        8  libspace.o(.text)
    .text                                    0x08000a60   Section        8  rt_errno_addr_intlibspace.o(.text)
    .text                                    0x08000a68   Section      138  lludiv10.o(.text)
    _printf_input_char                       0x08000af5   Thumb Code    10  _printf_char_common.o(.text)
    .text                                    0x08000af4   Section        0  _printf_char_common.o(.text)
    .text                                    0x08000b24   Section        0  _printf_fp_infnan.o(.text)
    .text                                    0x08000ba4   Section        0  bigflt0.o(.text)
    .text                                    0x08000c88   Section        0  ferror.o(.text)
    .text                                    0x08000c90   Section        0  defsig_abrt_outer.o(.text)
    .text                                    0x08000ca0   Section      128  strcmpv7m.o(.text)
    .text                                    0x08000d20   Section       74  sys_stackheap_outer.o(.text)
    .text                                    0x08000d6a   Section        0  exit.o(.text)
    .text                                    0x08000d7c   Section        0  defsig_exit.o(.text)
    .text                                    0x08000d88   Section        0  defsig_abrt_inner.o(.text)
    .text                                    0x08000db8   Section        0  defsig_general.o(.text)
    [Anonymous Symbol]                       0x08000dec   Section        0  main.o(.text.SystemInit)
    [Anonymous Symbol]                       0x08000e38   Section        0  sys.o(.text._sys_exit)
    [Anonymous Symbol]                       0x08000e3c   Section        0  sys.o(.text._ttywrch)
    [Anonymous Symbol]                       0x08000e78   Section        0  sys.o(.text.fputc)
    [Anonymous Symbol]                       0x08000eb4   Section        0  sys.o(.text.get_system_time)
    [Anonymous Symbol]                       0x08000ed8   Section        0  main.o(.text.main)
    [Anonymous Symbol]                       0x08000f68   Section        0  main.o(.text.sleep)
    [Anonymous Symbol]                       0x08000fb4   Section        0  test-ctype.o(.text.test_bit_field)
    [Anonymous Symbol]                       0x08000fdc   Section        0  test-ctype.o(.text.test_ctype)
    [Anonymous Symbol]                       0x080011ec   Section        0  test-math.o(.text.test_math_double)
    CL$$btod_d2e                             0x08001808   Section       62  btod.o(CL$$btod_d2e)
    CL$$btod_d2e_denorm_low                  0x08001846   Section       70  btod.o(CL$$btod_d2e_denorm_low)
    CL$$btod_d2e_norm_op1                    0x0800188c   Section       96  btod.o(CL$$btod_d2e_norm_op1)
    CL$$btod_div_common                      0x080018ec   Section      824  btod.o(CL$$btod_div_common)
    CL$$btod_e2e                             0x08001c24   Section      220  btod.o(CL$$btod_e2e)
    CL$$btod_ediv                            0x08001d00   Section       42  btod.o(CL$$btod_ediv)
    CL$$btod_emul                            0x08001d2a   Section       42  btod.o(CL$$btod_emul)
    CL$$btod_mult_common                     0x08001d54   Section      580  btod.o(CL$$btod_mult_common)
    i.__ARM_fpclassify                       0x08001f98   Section        0  fpclassify.o(i.__ARM_fpclassify)
    i.__ieee754_rem_pio2                     0x08001fc0   Section        0  rred.o(i.__ieee754_rem_pio2)
    i.__kernel_cos                           0x08002348   Section        0  cos_i.o(i.__kernel_cos)
    i.__kernel_poly                          0x08002444   Section        0  poly.o(i.__kernel_poly)
    i.__kernel_sin                           0x080024f0   Section        0  sin_i.o(i.__kernel_sin)
    i.__kernel_tan                           0x080025dc   Section        0  tan_i.o(i.__kernel_tan)
    i.__mathlib_dbl_divzero                  0x08002858   Section        0  dunder.o(i.__mathlib_dbl_divzero)
    i.__mathlib_dbl_infnan                   0x08002868   Section        0  dunder.o(i.__mathlib_dbl_infnan)
    i.__mathlib_dbl_infnan2                  0x0800286e   Section        0  dunder.o(i.__mathlib_dbl_infnan2)
    i.__mathlib_dbl_invalid                  0x08002872   Section        0  dunder.o(i.__mathlib_dbl_invalid)
    i.__mathlib_dbl_overflow                 0x0800287e   Section        0  dunder.o(i.__mathlib_dbl_overflow)
    i.__mathlib_dbl_posinfnan                0x0800288c   Section        0  dunder.o(i.__mathlib_dbl_posinfnan)
    i.__mathlib_dbl_underflow                0x08002894   Section        0  dunder.o(i.__mathlib_dbl_underflow)
    i.__mathlib_expm1                        0x080028a4   Section        0  expm1_i.o(i.__mathlib_expm1)
    i.acos                                   0x08002c30   Section        0  acos.o(i.acos)
    i.asin                                   0x08002eac   Section        0  asin.o(i.asin)
    i.atan                                   0x0800311c   Section        0  atan.o(i.atan)
    i.atan2                                  0x0800333c   Section        0  atan2.o(i.atan2)
    i.ceil                                   0x080034d8   Section        0  ceil.o(i.ceil)
    i.cos                                    0x080035b4   Section        0  cos.o(i.cos)
    i.cosh                                   0x08003650   Section        0  cosh.o(i.cosh)
    i.exp                                    0x0800378c   Section        0  exp.o(i.exp)
    i.floor                                  0x08003a10   Section        0  floor.o(i.floor)
    i.fmod                                   0x08003aec   Section        0  fmod.o(i.fmod)
    i.ldexp                                  0x08003b80   Section        0  ldexp.o(i.ldexp)
    i.log                                    0x08003bf4   Section        0  log.o(i.log)
    i.log10                                  0x08003f50   Section        0  log10.o(i.log10)
    i.pow                                    0x08004034   Section        0  pow.o(i.pow)
    i.sin                                    0x08004a20   Section        0  sin.o(i.sin)
    i.sinh                                   0x08004ac0   Section        0  sinh.o(i.sinh)
    i.sqrt                                   0x08004c28   Section        0  sqrt.o(i.sqrt)
    i.tan                                    0x08004c74   Section        0  tan.o(i.tan)
    i.tanh                                   0x08004cd8   Section        0  tanh.o(i.tanh)
    locale$$code                             0x08004dac   Section       44  lc_ctype_c.o(locale$$code)
    locale$$code                             0x08004dd8   Section       44  lc_numeric_c.o(locale$$code)
    x$fpl$dadd                               0x08004e04   Section      336  daddsub_clz.o(x$fpl$dadd)
    _dadd1                                   0x08004e15   Thumb Code     0  daddsub_clz.o(x$fpl$dadd)
    x$fpl$dcheck1                            0x08004f54   Section       16  dcheck1.o(x$fpl$dcheck1)
    x$fpl$dcmpinf                            0x08004f64   Section       24  dcmpi.o(x$fpl$dcmpinf)
    x$fpl$ddiv                               0x08004f7c   Section      692  ddiv.o(x$fpl$ddiv)
    ddiv_entry                               0x08004f83   Thumb Code     0  ddiv.o(x$fpl$ddiv)
    x$fpl$deqf                               0x08005230   Section      120  deqf.o(x$fpl$deqf)
    x$fpl$dfix                               0x080052a8   Section       94  dfix.o(x$fpl$dfix)
    x$fpl$dflt                               0x08005306   Section       46  dflt_clz.o(x$fpl$dflt)
    x$fpl$dfltu                              0x08005334   Section       38  dflt_clz.o(x$fpl$dfltu)
    x$fpl$dgeqf                              0x0800535c   Section      120  dgeqf.o(x$fpl$dgeqf)
    x$fpl$dleqf                              0x080053d4   Section      120  dleqf.o(x$fpl$dleqf)
    x$fpl$dmul                               0x0800544c   Section      340  dmul.o(x$fpl$dmul)
    x$fpl$dnaninf                            0x080055a0   Section      156  dnaninf.o(x$fpl$dnaninf)
    x$fpl$drem                               0x0800563c   Section      336  drem_clz.o(x$fpl$drem)
    x$fpl$dretinf                            0x0800578c   Section       12  dretinf.o(x$fpl$dretinf)
    x$fpl$drleqf                             0x08005798   Section      108  drleqf.o(x$fpl$drleqf)
    x$fpl$drsb                               0x08005804   Section       22  daddsub_clz.o(x$fpl$drsb)
    x$fpl$dsqrt                              0x0800581c   Section      460  dsqrt_noumaal.o(x$fpl$dsqrt)
    x$fpl$dsub                               0x080059e8   Section      476  daddsub_clz.o(x$fpl$dsub)
    _dsub1                                   0x080059f9   Thumb Code     0  daddsub_clz.o(x$fpl$dsub)
    x$fpl$fcmp                               0x08005bc4   Section       84  dcmp.o(x$fpl$fcmp)
    x$fpl$printf1                            0x08005c18   Section        4  printf1.o(x$fpl$printf1)
    x$fpl$retnan                             0x08005c1c   Section      100  retnan.o(x$fpl$retnan)
    x$fpl$scalbn                             0x08005c80   Section       92  scalbn.o(x$fpl$scalbn)
    x$fpl$trapveneer                         0x08005cdc   Section       48  trapv.o(x$fpl$trapveneer)
    uc_hextab                                0x08005d0c   Data          20  _printf_hex_int.o(.constdata)
    .constdata                               0x08005d0c   Section       40  _printf_hex_int.o(.constdata)
    x$fpl$usenofp                            0x08005d0c   Section        0  usenofp.o(x$fpl$usenofp)
    lc_hextab                                0x08005d20   Data          20  _printf_hex_int.o(.constdata)
    pS                                       0x08005d38   Data          48  acos.o(.constdata)
    .constdata                               0x08005d38   Section       80  acos.o(.constdata)
    qS                                       0x08005d68   Data          32  acos.o(.constdata)
    pS                                       0x08005d88   Data          48  asin.o(.constdata)
    .constdata                               0x08005d88   Section       80  asin.o(.constdata)
    qS                                       0x08005db8   Data          32  asin.o(.constdata)
    atanhi                                   0x08005dd8   Data          32  atan.o(.constdata)
    .constdata                               0x08005dd8   Section      152  atan.o(.constdata)
    atanlo                                   0x08005df8   Data          32  atan.o(.constdata)
    aTodd                                    0x08005e18   Data          40  atan.o(.constdata)
    aTeven                                   0x08005e40   Data          48  atan.o(.constdata)
    one                                      0x08005e70   Data           8  cosh.o(.constdata)
    .constdata                               0x08005e70   Section        8  cosh.o(.constdata)
    halF                                     0x08005e78   Data          16  exp.o(.constdata)
    .constdata                               0x08005e78   Section       88  exp.o(.constdata)
    ln2HI                                    0x08005e88   Data          16  exp.o(.constdata)
    ln2LO                                    0x08005e98   Data          16  exp.o(.constdata)
    P                                        0x08005ea8   Data          40  exp.o(.constdata)
    Lg2                                      0x08005ed0   Data          24  log.o(.constdata)
    .constdata                               0x08005ed0   Section       56  log.o(.constdata)
    Lg                                       0x08005ee8   Data          32  log.o(.constdata)
    bp                                       0x08005f08   Data          16  pow.o(.constdata)
    .constdata                               0x08005f08   Section      136  pow.o(.constdata)
    dp_h                                     0x08005f18   Data          16  pow.o(.constdata)
    dp_l                                     0x08005f28   Data          16  pow.o(.constdata)
    L                                        0x08005f38   Data          48  pow.o(.constdata)
    P                                        0x08005f68   Data          40  pow.o(.constdata)
    one                                      0x08005f90   Data           8  sinh.o(.constdata)
    .constdata                               0x08005f90   Section        8  sinh.o(.constdata)
    C                                        0x08005f98   Data          48  cos_i.o(.constdata)
    .constdata                               0x08005f98   Section       48  cos_i.o(.constdata)
    Q                                        0x08005fc8   Data          40  expm1_i.o(.constdata)
    .constdata                               0x08005fc8   Section       40  expm1_i.o(.constdata)
    .constdata                               0x08005ff0   Section        8  qnan.o(.constdata)
    pio2s                                    0x08005ff8   Data          48  rred.o(.constdata)
    .constdata                               0x08005ff8   Section      204  rred.o(.constdata)
    twooverpi                                0x08006028   Data         156  rred.o(.constdata)
    S                                        0x080060c8   Data          40  sin_i.o(.constdata)
    .constdata                               0x080060c8   Section       40  sin_i.o(.constdata)
    Todd                                     0x080060f0   Data          48  tan_i.o(.constdata)
    .constdata                               0x080060f0   Section       96  tan_i.o(.constdata)
    Teven                                    0x08006120   Data          48  tan_i.o(.constdata)
    tenpwrs_x                                0x08006150   Data          60  bigflt0.o(.constdata)
    .constdata                               0x08006150   Section      148  bigflt0.o(.constdata)
    tenpwrs_i                                0x0800618c   Data          64  bigflt0.o(.constdata)
    .L.str.4                                 0x080061e4   Data          13  test-ctype.o(.rodata.str1.1)
    [Anonymous Symbol]                       0x080061e4   Section        0  test-ctype.o(.rodata.str1.1)
    .L.str.5                                 0x080061f1   Data          13  test-ctype.o(.rodata.str1.1)
    .L.str.6                                 0x080061fe   Data          14  test-ctype.o(.rodata.str1.1)
    .L.str.9                                 0x0800620c   Data          13  test-ctype.o(.rodata.str1.1)
    .L.str.8                                 0x08006219   Data          13  test-ctype.o(.rodata.str1.1)
    .L.str.1                                 0x08006226   Data          25  test-ctype.o(.rodata.str1.1)
    .L.str.86                                0x0800623f   Data           9  test-math.o(.rodata.str1.1)
    [Anonymous Symbol]                       0x0800623f   Section        0  test-math.o(.rodata.str1.1)
    .L.str.82                                0x08006248   Data           9  test-math.o(.rodata.str1.1)
    .L.str.60                                0x08006251   Data          23  test-math.o(.rodata.str1.1)
    .L.str.11                                0x08006257   Data          18  test-math.o(.rodata.str1.1)
    .L.str.58                                0x08006268   Data          24  test-math.o(.rodata.str1.1)
    .L.str.13                                0x08006269   Data          18  test-math.o(.rodata.str1.1)
    .L.str.15                                0x0800627b   Data          17  test-math.o(.rodata.str1.1)
    .L.str.88                                0x08006280   Data          26  test-math.o(.rodata.str1.1)
    .L.str.17                                0x0800628c   Data          17  test-math.o(.rodata.str1.1)
    .L.str.84                                0x0800629a   Data          25  test-math.o(.rodata.str1.1)
    .L.str.19                                0x0800629d   Data          18  test-math.o(.rodata.str1.1)
    .L.str.21                                0x080062af   Data          17  test-math.o(.rodata.str1.1)
    .L.str.56                                0x080062b3   Data          24  test-math.o(.rodata.str1.1)
    .L.str.23                                0x080062c0   Data          18  test-math.o(.rodata.str1.1)
    .L.str.66                                0x080062cb   Data          25  test-math.o(.rodata.str1.1)
    .L.str.25                                0x080062d2   Data          17  test-math.o(.rodata.str1.1)
    .L.str.27                                0x080062e3   Data          16  test-math.o(.rodata.str1.1)
    .L.str.70                                0x080062e4   Data          23  test-math.o(.rodata.str1.1)
    .L.str.29                                0x080062f3   Data           3  test-math.o(.rodata.str1.1)
    .L.str.30                                0x080062f6   Data          18  test-math.o(.rodata.str1.1)
    .L.str.62                                0x080062fb   Data          25  test-math.o(.rodata.str1.1)
    .L.str.32                                0x08006308   Data          15  test-math.o(.rodata.str1.1)
    .L.str.68                                0x08006314   Data          24  test-math.o(.rodata.str1.1)
    .L.str.34                                0x08006317   Data          18  test-math.o(.rodata.str1.1)
    .L.str.36                                0x08006329   Data          18  test-math.o(.rodata.str1.1)
    .L.str.74                                0x0800632c   Data          25  test-math.o(.rodata.str1.1)
    .L.str.38                                0x0800633b   Data          10  test-math.o(.rodata.str1.1)
    .L.str.40                                0x08006345   Data          12  test-math.o(.rodata.str1.1)
    .L.str.76                                0x08006345   Data          25  test-math.o(.rodata.str1.1)
    .L.str.42                                0x08006351   Data          10  test-math.o(.rodata.str1.1)
    .L.str.44                                0x0800635b   Data          19  test-math.o(.rodata.str1.1)
    .L.str.78                                0x0800635e   Data          24  test-math.o(.rodata.str1.1)
    .L.str.64                                0x08006376   Data          25  test-math.o(.rodata.str1.1)
    .L.str.54                                0x0800638f   Data          23  test-math.o(.rodata.str1.1)
    .L.str.80                                0x080063a6   Data          23  test-math.o(.rodata.str1.1)
    .L.str.72                                0x080063bd   Data          24  test-math.o(.rodata.str1.1)
    .Lstr.126                                0x080063d5   Data          21  test-math.o(.rodata.str1.1)
    .Lstr.116                                0x080063ea   Data          21  test-math.o(.rodata.str1.1)
    .Lstr.132                                0x080063ff   Data          20  test-math.o(.rodata.str1.1)
    .Lstr.127                                0x08006413   Data          20  test-math.o(.rodata.str1.1)
    .Lstr.125                                0x08006427   Data          19  test-math.o(.rodata.str1.1)
    .Lstr.122                                0x0800643a   Data          20  test-math.o(.rodata.str1.1)
    .Lstr.120                                0x0800644e   Data          20  test-math.o(.rodata.str1.1)
    .Lstr.118                                0x08006462   Data          20  test-math.o(.rodata.str1.1)
    .Lstr.129                                0x08006476   Data          20  test-math.o(.rodata.str1.1)
    .Lstr.121                                0x0800648a   Data          19  test-math.o(.rodata.str1.1)
    .Lstr.119                                0x0800649d   Data          19  test-math.o(.rodata.str1.1)
    .Lstr.123                                0x080064b0   Data          19  test-math.o(.rodata.str1.1)
    .Lstr.124                                0x080064c3   Data          21  test-math.o(.rodata.str1.1)
    .Lstr.131                                0x080064d8   Data          21  test-math.o(.rodata.str1.1)
    .Lstr.130                                0x080064ed   Data          20  test-math.o(.rodata.str1.1)
    .Lstr.117                                0x08006501   Data          19  test-math.o(.rodata.str1.1)
    .Lstr.94                                 0x08006504   Data          21  test-math.o(.rodata.str1.1)
    .Lstr.128                                0x08006514   Data          20  test-math.o(.rodata.str1.1)
    .Lstr.95                                 0x08006519   Data          18  test-math.o(.rodata.str1.1)
    .L.str.1                                 0x08006528   Data          24  test-math.o(.rodata.str1.1)
    .Lstr.96                                 0x0800652b   Data          19  test-math.o(.rodata.str1.1)
    .Lstr.97                                 0x0800653e   Data          18  test-math.o(.rodata.str1.1)
    .Lstr.98                                 0x08006550   Data          19  test-math.o(.rodata.str1.1)
    .Lstr.99                                 0x08006563   Data          19  test-math.o(.rodata.str1.1)
    .Lstr.100                                0x08006576   Data          20  test-math.o(.rodata.str1.1)
    .Lstr.101                                0x0800658a   Data          19  test-math.o(.rodata.str1.1)
    .Lstr.102                                0x0800659d   Data          21  test-math.o(.rodata.str1.1)
    .Lstr.103                                0x080065b2   Data          19  test-math.o(.rodata.str1.1)
    .Lstr.104                                0x080065c5   Data          21  test-math.o(.rodata.str1.1)
    .Lstr.105                                0x080065da   Data          19  test-math.o(.rodata.str1.1)
    .Lstr.106                                0x080065ed   Data          20  test-math.o(.rodata.str1.1)
    .Lstr.107                                0x08006601   Data          20  test-math.o(.rodata.str1.1)
    .Lstr.108                                0x08006615   Data          20  test-math.o(.rodata.str1.1)
    .Lstr.109                                0x08006629   Data          20  test-math.o(.rodata.str1.1)
    .Lstr.110                                0x0800663d   Data          20  test-math.o(.rodata.str1.1)
    locale$$data                             0x08006668   Section      272  lc_ctype_c.o(locale$$data)
    __lcctype_c_name                         0x0800666c   Data           2  lc_ctype_c.o(locale$$data)
    __lcctype_c_start                        0x08006674   Data           0  lc_ctype_c.o(locale$$data)
    __lcctype_c_end                          0x08006778   Data           0  lc_ctype_c.o(locale$$data)
    locale$$data                             0x08006778   Section       28  lc_numeric_c.o(locale$$data)
    __lcnum_c_name                           0x0800677c   Data           2  lc_numeric_c.o(locale$$data)
    __lcnum_c_start                          0x08006784   Data           0  lc_numeric_c.o(locale$$data)
    __lcnum_c_point                          0x08006790   Data           0  lc_numeric_c.o(locale$$data)
    __lcnum_c_thousands                      0x08006792   Data           0  lc_numeric_c.o(locale$$data)
    __lcnum_c_grouping                       0x08006793   Data           0  lc_numeric_c.o(locale$$data)
    __lcnum_c_end                            0x08006794   Data           0  lc_numeric_c.o(locale$$data)
    .bss                                     0x20000000   Section       96  libspace.o(.bss)
    test_math_double.d_v                     0x200000c0   Data           8  test-math.o(.bss.test_math_double.d_v)
    [Anonymous Symbol]                       0x200000c0   Section        0  test-math.o(.bss.test_math_double.d_v)
    Heap_Mem                                 0x200000c8   Data           0  startup_stm32f103xb.o(HEAP)
    Stack_Mem                                0x200000c8   Data        2048  startup_stm32f103xb.o(STACK)
    HEAP                                     0x200000c8   Section        0  startup_stm32f103xb.o(HEAP)
    STACK                                    0x200000c8   Section     2048  startup_stm32f103xb.o(STACK)
    __initial_sp                             0x200008c8   Data           0  startup_stm32f103xb.o(STACK)

    Global Symbols

    Symbol Name                              Value     Ov Type        Size  Object(Section)

    BuildAttributes$$THM_ISAv4$P$D$K$B$S$PE$A:L22UL41UL21$X:L11$S22US41US21$IEEE1$IW$~IW$USESV6$~STKCKD$USESV7$~SHL$OTIME$ROPI$IEEEX$EBA8$UX$STANDARDLIB$REQ8$PRES8$EABIv2 0x00000000   Number         0  anon$$obj.o ABSOLUTE
    __fp_init_empty                          0x00000000   Number         0  fpinit_empty.o ABSOLUTE
    __ARM_exceptions_init                     - Undefined Weak Reference
    __alloca_initialize                       - Undefined Weak Reference
    __arm_preinit_                            - Undefined Weak Reference
    __arm_relocate_pie_                       - Undefined Weak Reference
    __cpp_initialize__aeabi_                  - Undefined Weak Reference
    __cxa_finalize                            - Undefined Weak Reference
    __sigvec_lookup                           - Undefined Weak Reference
    _atexit_init                              - Undefined Weak Reference
    _call_atexit_fns                          - Undefined Weak Reference
    _clock_init                               - Undefined Weak Reference
    _fp_trap_init                             - Undefined Weak Reference
    _fp_trap_shutdown                         - Undefined Weak Reference
    _get_lc_collate                           - Undefined Weak Reference
    _get_lc_monetary                          - Undefined Weak Reference
    _get_lc_time                              - Undefined Weak Reference
    _getenv_init                              - Undefined Weak Reference
    _handle_redirection                       - Undefined Weak Reference
    _init_alloc                               - Undefined Weak Reference
    _init_user_alloc                          - Undefined Weak Reference
    _initio                                   - Undefined Weak Reference
    _mutex_acquire                            - Undefined Weak Reference
    _mutex_release                            - Undefined Weak Reference
    _printf_mbtowc                            - Undefined Weak Reference
    _printf_post_padding                      - Undefined Weak Reference
    _printf_pre_padding                       - Undefined Weak Reference
    _printf_truncate_signed                   - Undefined Weak Reference
    _printf_truncate_unsigned                 - Undefined Weak Reference
    _rand_init                                - Undefined Weak Reference
    _signal_finish                            - Undefined Weak Reference
    _signal_init                              - Undefined Weak Reference
    _terminate_alloc                          - Undefined Weak Reference
    _terminate_user_alloc                     - Undefined Weak Reference
    _terminateio                              - Undefined Weak Reference
    __Vectors_Size                           0x000000ec   Number         0  startup_stm32f103xb.o ABSOLUTE
    __Vectors                                0x08000000   Data           4  startup_stm32f103xb.o(RESET)
    __Vectors_End                            0x080000ec   Data           0  startup_stm32f103xb.o(RESET)
    __main                                   0x080000ed   Thumb Code     8  __main.o(!!!main)
    __scatterload                            0x080000f5   Thumb Code     0  __scatter.o(!!!scatter)
    __scatterload_rt2                        0x080000f5   Thumb Code    84  __scatter.o(!!!scatter)
    __scatterload_rt2_thumb_only             0x080000f5   Thumb Code     0  __scatter.o(!!!scatter)
    __scatterload_loop                       0x080000ff   Thumb Code     0  __scatter.o(!!!scatter)
    __scatterload_null                       0x08000151   Thumb Code     2  __scatter.o(!!handler_null)
    __scatterload_zeroinit                   0x08000155   Thumb Code    28  __scatter_zi.o(!!handler_zi)
    _printf_f                                0x08000171   Thumb Code     0  _printf_f.o(.ARM.Collect$$_printf_percent$$00000003)
    _printf_percent                          0x08000171   Thumb Code     0  _printf_percent.o(.ARM.Collect$$_printf_percent$$00000000)
    _printf_d                                0x08000177   Thumb Code     0  _printf_d.o(.ARM.Collect$$_printf_percent$$00000009)
    _printf_u                                0x0800017d   Thumb Code     0  _printf_u.o(.ARM.Collect$$_printf_percent$$0000000A)
    _printf_x                                0x08000183   Thumb Code     0  _printf_x.o(.ARM.Collect$$_printf_percent$$0000000C)
    _printf_c                                0x08000189   Thumb Code     0  _printf_c.o(.ARM.Collect$$_printf_percent$$00000013)
    _printf_s                                0x0800018f   Thumb Code     0  _printf_s.o(.ARM.Collect$$_printf_percent$$00000014)
    _printf_percent_end                      0x08000195   Thumb Code     0  _printf_percent_end.o(.ARM.Collect$$_printf_percent$$00000017)
    __rt_lib_init                            0x08000199   Thumb Code     0  libinit.o(.ARM.Collect$$libinit$$00000000)
    __rt_lib_init_fp_1                       0x0800019b   Thumb Code     0  libinit2.o(.ARM.Collect$$libinit$$00000002)
    __rt_lib_init_heap_1                     0x0800019b   Thumb Code     0  libinit2.o(.ARM.Collect$$libinit$$0000000C)
    __rt_lib_init_lc_common                  0x0800019b   Thumb Code     0  libinit2.o(.ARM.Collect$$libinit$$00000011)
    __rt_lib_init_preinit_1                  0x0800019b   Thumb Code     0  libinit2.o(.ARM.Collect$$libinit$$00000006)
    __rt_lib_init_rand_1                     0x0800019b   Thumb Code     0  libinit2.o(.ARM.Collect$$libinit$$00000010)
    __rt_lib_init_relocate_pie_1             0x0800019b   Thumb Code     0  libinit2.o(.ARM.Collect$$libinit$$00000004)
    __rt_lib_init_user_alloc_1               0x0800019b   Thumb Code     0  libinit2.o(.ARM.Collect$$libinit$$0000000E)
    __rt_lib_init_lc_collate_1               0x080001a1   Thumb Code     0  libinit2.o(.ARM.Collect$$libinit$$00000013)
    __rt_lib_init_lc_ctype_2                 0x080001a1   Thumb Code     0  libinit2.o(.ARM.Collect$$libinit$$00000014)
    __rt_lib_init_lc_ctype_1                 0x080001ad   Thumb Code     0  libinit2.o(.ARM.Collect$$libinit$$00000015)
    __rt_lib_init_lc_monetary_1              0x080001ad   Thumb Code     0  libinit2.o(.ARM.Collect$$libinit$$00000017)
    __rt_lib_init_lc_numeric_2               0x080001ad   Thumb Code     0  libinit2.o(.ARM.Collect$$libinit$$00000018)
    __rt_lib_init_alloca_1                   0x080001b7   Thumb Code     0  libinit2.o(.ARM.Collect$$libinit$$00000030)
    __rt_lib_init_argv_1                     0x080001b7   Thumb Code     0  libinit2.o(.ARM.Collect$$libinit$$0000002E)
    __rt_lib_init_atexit_1                   0x080001b7   Thumb Code     0  libinit2.o(.ARM.Collect$$libinit$$0000001D)
    __rt_lib_init_clock_1                    0x080001b7   Thumb Code     0  libinit2.o(.ARM.Collect$$libinit$$00000023)
    __rt_lib_init_cpp_1                      0x080001b7   Thumb Code     0  libinit2.o(.ARM.Collect$$libinit$$00000034)
    __rt_lib_init_exceptions_1               0x080001b7   Thumb Code     0  libinit2.o(.ARM.Collect$$libinit$$00000032)
    __rt_lib_init_fp_trap_1                  0x080001b7   Thumb Code     0  libinit2.o(.ARM.Collect$$libinit$$00000021)
    __rt_lib_init_getenv_1                   0x080001b7   Thumb Code     0  libinit2.o(.ARM.Collect$$libinit$$00000025)
    __rt_lib_init_lc_numeric_1               0x080001b7   Thumb Code     0  libinit2.o(.ARM.Collect$$libinit$$00000019)
    __rt_lib_init_lc_time_1                  0x080001b7   Thumb Code     0  libinit2.o(.ARM.Collect$$libinit$$0000001B)
    __rt_lib_init_return                     0x080001b7   Thumb Code     0  libinit2.o(.ARM.Collect$$libinit$$00000035)
    __rt_lib_init_signal_1                   0x080001b7   Thumb Code     0  libinit2.o(.ARM.Collect$$libinit$$0000001F)
    __rt_lib_init_stdio_1                    0x080001b7   Thumb Code     0  libinit2.o(.ARM.Collect$$libinit$$00000027)
    __rt_lib_shutdown                        0x080001b9   Thumb Code     0  libshutdown.o(.ARM.Collect$$libshutdown$$00000000)
    __rt_lib_shutdown_cpp_1                  0x080001bb   Thumb Code     0  libshutdown2.o(.ARM.Collect$$libshutdown$$00000002)
    __rt_lib_shutdown_fp_trap_1              0x080001bb   Thumb Code     0  libshutdown2.o(.ARM.Collect$$libshutdown$$00000007)
    __rt_lib_shutdown_heap_1                 0x080001bb   Thumb Code     0  libshutdown2.o(.ARM.Collect$$libshutdown$$0000000F)
    __rt_lib_shutdown_return                 0x080001bb   Thumb Code     0  libshutdown2.o(.ARM.Collect$$libshutdown$$00000010)
    __rt_lib_shutdown_signal_1               0x080001bb   Thumb Code     0  libshutdown2.o(.ARM.Collect$$libshutdown$$0000000A)
    __rt_lib_shutdown_stdio_1                0x080001bb   Thumb Code     0  libshutdown2.o(.ARM.Collect$$libshutdown$$00000004)
    __rt_lib_shutdown_user_alloc_1           0x080001bb   Thumb Code     0  libshutdown2.o(.ARM.Collect$$libshutdown$$0000000C)
    __rt_entry                               0x080001bd   Thumb Code     0  __rtentry.o(.ARM.Collect$$rtentry$$00000000)
    __rt_entry_presh_1                       0x080001bd   Thumb Code     0  __rtentry2.o(.ARM.Collect$$rtentry$$00000002)
    __rt_entry_sh                            0x080001bd   Thumb Code     0  __rtentry4.o(.ARM.Collect$$rtentry$$00000004)
    __rt_entry_li                            0x080001c3   Thumb Code     0  __rtentry2.o(.ARM.Collect$$rtentry$$0000000A)
    __rt_entry_postsh_1                      0x080001c3   Thumb Code     0  __rtentry2.o(.ARM.Collect$$rtentry$$00000009)
    __rt_entry_main                          0x080001c7   Thumb Code     0  __rtentry2.o(.ARM.Collect$$rtentry$$0000000D)
    __rt_entry_postli_1                      0x080001c7   Thumb Code     0  __rtentry2.o(.ARM.Collect$$rtentry$$0000000C)
    __rt_exit                                0x080001cf   Thumb Code     0  rtexit.o(.ARM.Collect$$rtexit$$00000000)
    __rt_exit_ls                             0x080001d1   Thumb Code     0  rtexit2.o(.ARM.Collect$$rtexit$$00000003)
    __rt_exit_prels_1                        0x080001d1   Thumb Code     0  rtexit2.o(.ARM.Collect$$rtexit$$00000002)
    __rt_exit_exit                           0x080001d5   Thumb Code     0  rtexit2.o(.ARM.Collect$$rtexit$$00000004)
    Reset_Handler                            0x080001dd   Thumb Code    60  startup_stm32f103xb.o(.text)
    NMI_Handler                              0x08000219   Thumb Code     2  startup_stm32f103xb.o(.text)
    HardFault_Handler                        0x0800021b   Thumb Code     2  startup_stm32f103xb.o(.text)
    MemManage_Handler                        0x0800021d   Thumb Code     2  startup_stm32f103xb.o(.text)
    BusFault_Handler                         0x0800021f   Thumb Code     2  startup_stm32f103xb.o(.text)
    UsageFault_Handler                       0x08000221   Thumb Code     2  startup_stm32f103xb.o(.text)
    SVC_Handler                              0x08000223   Thumb Code     2  startup_stm32f103xb.o(.text)
    DebugMon_Handler                         0x08000225   Thumb Code     2  startup_stm32f103xb.o(.text)
    PendSV_Handler                           0x08000227   Thumb Code     2  startup_stm32f103xb.o(.text)
    SysTick_Handler                          0x08000229   Thumb Code     2  startup_stm32f103xb.o(.text)
    ADC1_2_IRQHandler                        0x0800022b   Thumb Code     0  startup_stm32f103xb.o(.text)
    CAN1_RX1_IRQHandler                      0x0800022b   Thumb Code     0  startup_stm32f103xb.o(.text)
    CAN1_SCE_IRQHandler                      0x0800022b   Thumb Code     0  startup_stm32f103xb.o(.text)
    DMA1_Channel1_IRQHandler                 0x0800022b   Thumb Code     0  startup_stm32f103xb.o(.text)
    DMA1_Channel2_IRQHandler                 0x0800022b   Thumb Code     0  startup_stm32f103xb.o(.text)
    DMA1_Channel3_IRQHandler                 0x0800022b   Thumb Code     0  startup_stm32f103xb.o(.text)
    DMA1_Channel4_IRQHandler                 0x0800022b   Thumb Code     0  startup_stm32f103xb.o(.text)
    DMA1_Channel5_IRQHandler                 0x0800022b   Thumb Code     0  startup_stm32f103xb.o(.text)
    DMA1_Channel6_IRQHandler                 0x0800022b   Thumb Code     0  startup_stm32f103xb.o(.text)
    DMA1_Channel7_IRQHandler                 0x0800022b   Thumb Code     0  startup_stm32f103xb.o(.text)
    EXTI0_IRQHandler                         0x0800022b   Thumb Code     0  startup_stm32f103xb.o(.text)
    EXTI15_10_IRQHandler                     0x0800022b   Thumb Code     0  startup_stm32f103xb.o(.text)
    EXTI1_IRQHandler                         0x0800022b   Thumb Code     0  startup_stm32f103xb.o(.text)
    EXTI2_IRQHandler                         0x0800022b   Thumb Code     0  startup_stm32f103xb.o(.text)
    EXTI3_IRQHandler                         0x0800022b   Thumb Code     0  startup_stm32f103xb.o(.text)
    EXTI4_IRQHandler                         0x0800022b   Thumb Code     0  startup_stm32f103xb.o(.text)
    EXTI9_5_IRQHandler                       0x0800022b   Thumb Code     0  startup_stm32f103xb.o(.text)
    FLASH_IRQHandler                         0x0800022b   Thumb Code     0  startup_stm32f103xb.o(.text)
    I2C1_ER_IRQHandler                       0x0800022b   Thumb Code     0  startup_stm32f103xb.o(.text)
    I2C1_EV_IRQHandler                       0x0800022b   Thumb Code     0  startup_stm32f103xb.o(.text)
    I2C2_ER_IRQHandler                       0x0800022b   Thumb Code     0  startup_stm32f103xb.o(.text)
    I2C2_EV_IRQHandler                       0x0800022b   Thumb Code     0  startup_stm32f103xb.o(.text)
    PVD_IRQHandler                           0x0800022b   Thumb Code     0  startup_stm32f103xb.o(.text)
    RCC_IRQHandler                           0x0800022b   Thumb Code     0  startup_stm32f103xb.o(.text)
    RTC_Alarm_IRQHandler                     0x0800022b   Thumb Code     0  startup_stm32f103xb.o(.text)
    RTC_IRQHandler                           0x0800022b   Thumb Code     0  startup_stm32f103xb.o(.text)
    SPI1_IRQHandler                          0x0800022b   Thumb Code     0  startup_stm32f103xb.o(.text)
    SPI2_IRQHandler                          0x0800022b   Thumb Code     0  startup_stm32f103xb.o(.text)
    TAMPER_IRQHandler                        0x0800022b   Thumb Code     0  startup_stm32f103xb.o(.text)
    TIM1_BRK_IRQHandler                      0x0800022b   Thumb Code     0  startup_stm32f103xb.o(.text)
    TIM1_CC_IRQHandler                       0x0800022b   Thumb Code     0  startup_stm32f103xb.o(.text)
    TIM1_TRG_COM_IRQHandler                  0x0800022b   Thumb Code     0  startup_stm32f103xb.o(.text)
    TIM1_UP_IRQHandler                       0x0800022b   Thumb Code     0  startup_stm32f103xb.o(.text)
    TIM2_IRQHandler                          0x0800022b   Thumb Code     0  startup_stm32f103xb.o(.text)
    TIM3_IRQHandler                          0x0800022b   Thumb Code     0  startup_stm32f103xb.o(.text)
    TIM4_IRQHandler                          0x0800022b   Thumb Code     0  startup_stm32f103xb.o(.text)
    USART1_IRQHandler                        0x0800022b   Thumb Code     0  startup_stm32f103xb.o(.text)
    USART2_IRQHandler                        0x0800022b   Thumb Code     0  startup_stm32f103xb.o(.text)
    USART3_IRQHandler                        0x0800022b   Thumb Code     0  startup_stm32f103xb.o(.text)
    USBWakeUp_IRQHandler                     0x0800022b   Thumb Code     0  startup_stm32f103xb.o(.text)
    USB_HP_CAN1_TX_IRQHandler                0x0800022b   Thumb Code     0  startup_stm32f103xb.o(.text)
    USB_LP_CAN1_RX0_IRQHandler               0x0800022b   Thumb Code     0  startup_stm32f103xb.o(.text)
    WWDG_IRQHandler                          0x0800022b   Thumb Code     0  startup_stm32f103xb.o(.text)
    __user_initial_stackheap                 0x0800022d   Thumb Code     0  startup_stm32f103xb.o(.text)
    __use_no_semihosting                     0x0800024d   Thumb Code     2  use_no_semi_2.o(.text)
    __rt_ctype_table                         0x08000251   Thumb Code    16  rt_ctype_table.o(.text)
    tolower                                  0x08000261   Thumb Code    26  tolower.o(.text)
    toupper                                  0x0800027b   Thumb Code    30  toupper.o(.text)
    __2printf                                0x08000299   Thumb Code    20  noretval__2printf.o(.text)
    __printf                                 0x080002b1   Thumb Code   104  __printf.o(.text)
    _printf_str                              0x08000319   Thumb Code    82  _printf_str.o(.text)
    _printf_int_dec                          0x0800036d   Thumb Code   104  _printf_dec.o(.text)
    _printf_int_hex                          0x080003e5   Thumb Code    84  _printf_hex_int.o(.text)
    _printf_longlong_hex                     0x080003e5   Thumb Code     0  _printf_hex_int.o(.text)
    puts                                     0x0800043d   Thumb Code    40  puts.o(.text)
    __aeabi_assert                           0x08000469   Thumb Code    86  assert.o(.text)
    __assert                                 0x08000469   Thumb Code     0  assert.o(.text)
    __use_two_region_memory                  0x080004e9   Thumb Code     2  heapauxi.o(.text)
    __rt_heap_escrow$2region                 0x080004eb   Thumb Code     2  heapauxi.o(.text)
    __rt_heap_expand$2region                 0x080004ed   Thumb Code     2  heapauxi.o(.text)
    __I$use$semihosting                      0x080004ef   Thumb Code     0  use_no_semi.o(.text)
    __use_no_semihosting_swi                 0x080004ef   Thumb Code     2  use_no_semi.o(.text)
    __rt_locale                              0x080004f1   Thumb Code     8  rt_locale_intlibspace.o(.text)
    __read_errno                             0x080004f9   Thumb Code    10  _rserrno.o(.text)
    __set_errno                              0x08000503   Thumb Code    12  _rserrno.o(.text)
    _printf_int_common                       0x0800050f   Thumb Code   178  _printf_intcommon.o(.text)
    _printf_fp_dec_real                      0x08000771   Thumb Code   620  _printf_fp_dec.o(.text)
    _printf_cs_common                        0x080009dd   Thumb Code    20  _printf_char.o(.text)
    _printf_char                             0x080009f1   Thumb Code    16  _printf_char.o(.text)
    _printf_string                           0x08000a01   Thumb Code     8  _printf_char.o(.text)
    _printf_char_file                        0x08000a09   Thumb Code    32  _printf_char_file.o(.text)
    abort                                    0x08000a2d   Thumb Code    22  abort.o(.text)
    __assert_puts                            0x08000a43   Thumb Code    20  assert_puts.o(.text)
    __user_libspace                          0x08000a59   Thumb Code     8  libspace.o(.text)
    __user_perproc_libspace                  0x08000a59   Thumb Code     0  libspace.o(.text)
    __user_perthread_libspace                0x08000a59   Thumb Code     0  libspace.o(.text)
    __aeabi_errno_addr                       0x08000a61   Thumb Code     8  rt_errno_addr_intlibspace.o(.text)
    __errno$intlibspace                      0x08000a61   Thumb Code     0  rt_errno_addr_intlibspace.o(.text)
    __rt_errno_addr$intlibspace              0x08000a61   Thumb Code     0  rt_errno_addr_intlibspace.o(.text)
    _ll_udiv10                               0x08000a69   Thumb Code   138  lludiv10.o(.text)
    _printf_char_common                      0x08000aff   Thumb Code    32  _printf_char_common.o(.text)
    _printf_fp_infnan                        0x08000b25   Thumb Code   112  _printf_fp_infnan.o(.text)
    _btod_etento                             0x08000ba5   Thumb Code   224  bigflt0.o(.text)
    ferror                                   0x08000c89   Thumb Code     8  ferror.o(.text)
    __rt_SIGABRT                             0x08000c91   Thumb Code    14  defsig_abrt_outer.o(.text)
    strcmp                                   0x08000ca1   Thumb Code   128  strcmpv7m.o(.text)
    __user_setup_stackheap                   0x08000d21   Thumb Code    74  sys_stackheap_outer.o(.text)
    exit                                     0x08000d6b   Thumb Code    18  exit.o(.text)
    __sig_exit                               0x08000d7d   Thumb Code    10  defsig_exit.o(.text)
    __rt_SIGABRT_inner                       0x08000d89   Thumb Code    14  defsig_abrt_inner.o(.text)
    __default_signal_display                 0x08000db9   Thumb Code    50  defsig_general.o(.text)
    SystemInit                               0x08000ded   Thumb Code    60  main.o(.text.SystemInit)
    _sys_exit                                0x08000e39   Thumb Code     2  sys.o(.text._sys_exit)
    _ttywrch                                 0x08000e3d   Thumb Code    60  sys.o(.text._ttywrch)
    fputc                                    0x08000e79   Thumb Code    60  sys.o(.text.fputc)
    get_system_time                          0x08000eb5   Thumb Code    36  sys.o(.text.get_system_time)
    main                                     0x08000ed9   Thumb Code    76  main.o(.text.main)
    sleep                                    0x08000f69   Thumb Code    40  main.o(.text.sleep)
    test_bit_field                           0x08000fb5   Thumb Code    20  test-ctype.o(.text.test_bit_field)
    test_ctype                               0x08000fdd   Thumb Code   376  test-ctype.o(.text.test_ctype)
    test_math_double                         0x080011ed   Thumb Code  1412  test-math.o(.text.test_math_double)
    _btod_d2e                                0x08001809   Thumb Code    62  btod.o(CL$$btod_d2e)
    _d2e_denorm_low                          0x08001847   Thumb Code    70  btod.o(CL$$btod_d2e_denorm_low)
    _d2e_norm_op1                            0x0800188d   Thumb Code    96  btod.o(CL$$btod_d2e_norm_op1)
    __btod_div_common                        0x080018ed   Thumb Code   696  btod.o(CL$$btod_div_common)
    _e2e                                     0x08001c25   Thumb Code   220  btod.o(CL$$btod_e2e)
    _btod_ediv                               0x08001d01   Thumb Code    42  btod.o(CL$$btod_ediv)
    _btod_emul                               0x08001d2b   Thumb Code    42  btod.o(CL$$btod_emul)
    __btod_mult_common                       0x08001d55   Thumb Code   580  btod.o(CL$$btod_mult_common)
    __ARM_fpclassify                         0x08001f99   Thumb Code    40  fpclassify.o(i.__ARM_fpclassify)
    __ieee754_rem_pio2                       0x08001fc1   Thumb Code   828  rred.o(i.__ieee754_rem_pio2)
    __kernel_cos                             0x08002349   Thumb Code   230  cos_i.o(i.__kernel_cos)
    __kernel_poly                            0x08002445   Thumb Code   170  poly.o(i.__kernel_poly)
    __kernel_sin                             0x080024f1   Thumb Code   224  sin_i.o(i.__kernel_sin)
    __kernel_tan                             0x080025dd   Thumb Code   586  tan_i.o(i.__kernel_tan)
    __mathlib_dbl_divzero                    0x08002859   Thumb Code    12  dunder.o(i.__mathlib_dbl_divzero)
    __mathlib_dbl_infnan                     0x08002869   Thumb Code     6  dunder.o(i.__mathlib_dbl_infnan)
    __mathlib_dbl_infnan2                    0x0800286f   Thumb Code     4  dunder.o(i.__mathlib_dbl_infnan2)
    __mathlib_dbl_invalid                    0x08002873   Thumb Code    12  dunder.o(i.__mathlib_dbl_invalid)
    __mathlib_dbl_overflow                   0x0800287f   Thumb Code    14  dunder.o(i.__mathlib_dbl_overflow)
    __mathlib_dbl_posinfnan                  0x0800288d   Thumb Code     8  dunder.o(i.__mathlib_dbl_posinfnan)
    __mathlib_dbl_underflow                  0x08002895   Thumb Code    10  dunder.o(i.__mathlib_dbl_underflow)
    __mathlib_expm1                          0x080028a5   Thumb Code   812  expm1_i.o(i.__mathlib_expm1)
    acos                                     0x08002c31   Thumb Code   574  acos.o(i.acos)
    asin                                     0x08002ead   Thumb Code   572  asin.o(i.asin)
    atan                                     0x0800311d   Thumb Code   474  atan.o(i.atan)
    atan2                                    0x0800333d   Thumb Code   374  atan2.o(i.atan2)
    ceil                                     0x080034d9   Thumb Code   204  ceil.o(i.ceil)
    cos                                      0x080035b5   Thumb Code   148  cos.o(i.cos)
    cosh                                     0x08003651   Thumb Code   278  cosh.o(i.cosh)
    exp                                      0x0800378d   Thumb Code   554  exp.o(i.exp)
    floor                                    0x08003a11   Thumb Code   204  floor.o(i.floor)
    fmod                                     0x08003aed   Thumb Code   144  fmod.o(i.fmod)
    ldexp                                    0x08003b81   Thumb Code   116  ldexp.o(i.ldexp)
    log                                      0x08003bf5   Thumb Code   808  log.o(i.log)
    log10                                    0x08003f51   Thumb Code   198  log10.o(i.log10)
    pow                                      0x08004035   Thumb Code  2532  pow.o(i.pow)
    sin                                      0x08004a21   Thumb Code   150  sin.o(i.sin)
    sinh                                     0x08004ac1   Thumb Code   318  sinh.o(i.sinh)
    sqrt                                     0x08004c29   Thumb Code    76  sqrt.o(i.sqrt)
    tan                                      0x08004c75   Thumb Code    90  tan.o(i.tan)
    tanh                                     0x08004cd9   Thumb Code   198  tanh.o(i.tanh)
    _get_lc_ctype                            0x08004dad   Thumb Code    44  lc_ctype_c.o(locale$$code)
    _get_lc_numeric                          0x08004dd9   Thumb Code    44  lc_numeric_c.o(locale$$code)
    __aeabi_dadd                             0x08004e05   Thumb Code     0  daddsub_clz.o(x$fpl$dadd)
    _dadd                                    0x08004e05   Thumb Code   332  daddsub_clz.o(x$fpl$dadd)
    __fpl_dcheck_NaN1                        0x08004f55   Thumb Code    10  dcheck1.o(x$fpl$dcheck1)
    __fpl_dcmp_Inf                           0x08004f65   Thumb Code    24  dcmpi.o(x$fpl$dcmpinf)
    __aeabi_ddiv                             0x08004f7d   Thumb Code     0  ddiv.o(x$fpl$ddiv)
    _ddiv                                    0x08004f7d   Thumb Code   556  ddiv.o(x$fpl$ddiv)
    __aeabi_cdcmpeq                          0x08005231   Thumb Code     0  deqf.o(x$fpl$deqf)
    _dcmpeq                                  0x08005231   Thumb Code   120  deqf.o(x$fpl$deqf)
    __aeabi_d2iz                             0x080052a9   Thumb Code     0  dfix.o(x$fpl$dfix)
    _dfix                                    0x080052a9   Thumb Code    94  dfix.o(x$fpl$dfix)
    __aeabi_i2d                              0x08005307   Thumb Code     0  dflt_clz.o(x$fpl$dflt)
    _dflt                                    0x08005307   Thumb Code    46  dflt_clz.o(x$fpl$dflt)
    __aeabi_ui2d                             0x08005335   Thumb Code     0  dflt_clz.o(x$fpl$dfltu)
    _dfltu                                   0x08005335   Thumb Code    38  dflt_clz.o(x$fpl$dfltu)
    __aeabi_cdcmpge                          0x0800535d   Thumb Code     0  dgeqf.o(x$fpl$dgeqf)
    _dcmpge                                  0x0800535d   Thumb Code   120  dgeqf.o(x$fpl$dgeqf)
    __aeabi_cdcmple                          0x080053d5   Thumb Code     0  dleqf.o(x$fpl$dleqf)
    _dcmple                                  0x080053d5   Thumb Code   120  dleqf.o(x$fpl$dleqf)
    __fpl_dcmple_InfNaN                      0x08005437   Thumb Code     0  dleqf.o(x$fpl$dleqf)
    __aeabi_dmul                             0x0800544d   Thumb Code     0  dmul.o(x$fpl$dmul)
    _dmul                                    0x0800544d   Thumb Code   332  dmul.o(x$fpl$dmul)
    __fpl_dnaninf                            0x080055a1   Thumb Code   156  dnaninf.o(x$fpl$dnaninf)
    _drem                                    0x0800563d   Thumb Code   328  drem_clz.o(x$fpl$drem)
    __fpl_dretinf                            0x0800578d   Thumb Code    12  dretinf.o(x$fpl$dretinf)
    __aeabi_cdrcmple                         0x08005799   Thumb Code     0  drleqf.o(x$fpl$drleqf)
    _drcmple                                 0x08005799   Thumb Code   108  drleqf.o(x$fpl$drleqf)
    __aeabi_drsub                            0x08005805   Thumb Code     0  daddsub_clz.o(x$fpl$drsb)
    _drsb                                    0x08005805   Thumb Code    22  daddsub_clz.o(x$fpl$drsb)
    _dsqrt                                   0x0800581d   Thumb Code   456  dsqrt_noumaal.o(x$fpl$dsqrt)
    __aeabi_dsub                             0x080059e9   Thumb Code     0  daddsub_clz.o(x$fpl$dsub)
    _dsub                                    0x080059e9   Thumb Code   472  daddsub_clz.o(x$fpl$dsub)
    __aeabi_dcmpeq                           0x08005bc5   Thumb Code     0  dcmp.o(x$fpl$fcmp)
    _deq                                     0x08005bc5   Thumb Code    14  dcmp.o(x$fpl$fcmp)
    _dneq                                    0x08005bd3   Thumb Code    14  dcmp.o(x$fpl$fcmp)
    __aeabi_dcmpgt                           0x08005be1   Thumb Code     0  dcmp.o(x$fpl$fcmp)
    _dgr                                     0x08005be1   Thumb Code    14  dcmp.o(x$fpl$fcmp)
    __aeabi_dcmpge                           0x08005bef   Thumb Code     0  dcmp.o(x$fpl$fcmp)
    _dgeq                                    0x08005bef   Thumb Code    14  dcmp.o(x$fpl$fcmp)
    __aeabi_dcmple                           0x08005bfd   Thumb Code     0  dcmp.o(x$fpl$fcmp)
    _dleq                                    0x08005bfd   Thumb Code    14  dcmp.o(x$fpl$fcmp)
    __aeabi_dcmplt                           0x08005c0b   Thumb Code     0  dcmp.o(x$fpl$fcmp)
    _dls                                     0x08005c0b   Thumb Code    14  dcmp.o(x$fpl$fcmp)
    _printf_fp_dec                           0x08005c19   Thumb Code     4  printf1.o(x$fpl$printf1)
    __fpl_return_NaN                         0x08005c1d   Thumb Code   100  retnan.o(x$fpl$retnan)
    __ARM_scalbn                             0x08005c81   Thumb Code    92  scalbn.o(x$fpl$scalbn)
    __fpl_cmpreturn                          0x08005cdd   Thumb Code    48  trapv.o(x$fpl$trapveneer)
    __I$use$fp                               0x08005d0c   Number         0  usenofp.o(x$fpl$usenofp)
    __mathlib_zero                           0x08005ff0   Data           8  qnan.o(.constdata)
    Region$$Table$$Base                      0x08006658   Number         0  anon$$obj.o(Region$$Table)
    Region$$Table$$Limit                     0x08006668   Number         0  anon$$obj.o(Region$$Table)
    __ctype                                  0x08006675   Data           0  lc_ctype_c.o(locale$$data)
    __libspace_start                         0x20000000   Data          96  libspace.o(.bss)
    __stdout                                 0x20000060   Data          84  sys.o(.bss.__stdout)
    __temporary_stack_top$libspace           0x20000060   Data           0  libspace.o(.bss)
    cpu_ver                                  0x200000b4   Data           1  sys.o(.bss.cpu_ver)
    status                                   0x200000b8   Data           4  test-ctype.o(.bss.status)
    temp_tck                                 0x200000bc   Data           4  sys.o(.bss.temp_tck)



==============================================================================

Memory Map of the image

  Image Entry point : 0x080000ed

  Load Region LR_IROM1 (Base: 0x08000000, Size: 0x00006794, Max: 0x00008000, ABSOLUTE)

    Execution Region ER_IROM1 (Exec base: 0x08000000, Load base: 0x08000000, Size: 0x00006794, Max: 0x00008000, ABSOLUTE)

    Exec Addr    Load Addr    Size         Type   Attr      Idx    E Section Name        Object

    0x08000000   0x08000000   0x000000ec   Data   RO            3    RESET               startup_stm32f103xb.o
    0x080000ec   0x080000ec   0x00000008   Code   RO          172  * !!!main             c_w.l(__main.o)
    0x080000f4   0x080000f4   0x0000005c   Code   RO          808    !!!scatter          c_w.l(__scatter.o)
    0x08000150   0x08000150   0x00000002   Code   RO          809    !!handler_null      c_w.l(__scatter.o)
    0x08000152   0x08000152   0x00000002   PAD
    0x08000154   0x08000154   0x0000001c   Code   RO          812    !!handler_zi        c_w.l(__scatter_zi.o)
    0x08000170   0x08000170   0x00000000   Code   RO          163    .ARM.Collect$$_printf_percent$$00000000  c_w.l(_printf_percent.o)
    0x08000170   0x08000170   0x00000006   Code   RO          162    .ARM.Collect$$_printf_percent$$00000003  c_w.l(_printf_f.o)
    0x08000176   0x08000176   0x00000006   Code   RO          160    .ARM.Collect$$_printf_percent$$00000009  c_w.l(_printf_d.o)
    0x0800017c   0x0800017c   0x00000006   Code   RO          161    .ARM.Collect$$_printf_percent$$0000000A  c_w.l(_printf_u.o)
    0x08000182   0x08000182   0x00000006   Code   RO          159    .ARM.Collect$$_printf_percent$$0000000C  c_w.l(_printf_x.o)
    0x08000188   0x08000188   0x00000006   Code   RO          157    .ARM.Collect$$_printf_percent$$00000013  c_w.l(_printf_c.o)
    0x0800018e   0x0800018e   0x00000006   Code   RO          158    .ARM.Collect$$_printf_percent$$00000014  c_w.l(_printf_s.o)
    0x08000194   0x08000194   0x00000004   Code   RO          386    .ARM.Collect$$_printf_percent$$00000017  c_w.l(_printf_percent_end.o)
    0x08000198   0x08000198   0x00000002   Code   RO          706    .ARM.Collect$$libinit$$00000000  c_w.l(libinit.o)
    0x0800019a   0x0800019a   0x00000000   Code   RO          616    .ARM.Collect$$libinit$$00000002  c_w.l(libinit2.o)
    0x0800019a   0x0800019a   0x00000000   Code   RO          618    .ARM.Collect$$libinit$$00000004  c_w.l(libinit2.o)
    0x0800019a   0x0800019a   0x00000000   Code   RO          620    .ARM.Collect$$libinit$$00000006  c_w.l(libinit2.o)
    0x0800019a   0x0800019a   0x00000000   Code   RO          623    .ARM.Collect$$libinit$$0000000C  c_w.l(libinit2.o)
    0x0800019a   0x0800019a   0x00000000   Code   RO          625    .ARM.Collect$$libinit$$0000000E  c_w.l(libinit2.o)
    0x0800019a   0x0800019a   0x00000000   Code   RO          627    .ARM.Collect$$libinit$$00000010  c_w.l(libinit2.o)
    0x0800019a   0x0800019a   0x00000006   Code   RO          628    .ARM.Collect$$libinit$$00000011  c_w.l(libinit2.o)
    0x080001a0   0x080001a0   0x00000000   Code   RO          630    .ARM.Collect$$libinit$$00000013  c_w.l(libinit2.o)
    0x080001a0   0x080001a0   0x0000000c   Code   RO          631    .ARM.Collect$$libinit$$00000014  c_w.l(libinit2.o)
    0x080001ac   0x080001ac   0x00000000   Code   RO          632    .ARM.Collect$$libinit$$00000015  c_w.l(libinit2.o)
    0x080001ac   0x080001ac   0x00000000   Code   RO          634    .ARM.Collect$$libinit$$00000017  c_w.l(libinit2.o)
    0x080001ac   0x080001ac   0x0000000a   Code   RO          635    .ARM.Collect$$libinit$$00000018  c_w.l(libinit2.o)
    0x080001b6   0x080001b6   0x00000000   Code   RO          636    .ARM.Collect$$libinit$$00000019  c_w.l(libinit2.o)
    0x080001b6   0x080001b6   0x00000000   Code   RO          638    .ARM.Collect$$libinit$$0000001B  c_w.l(libinit2.o)
    0x080001b6   0x080001b6   0x00000000   Code   RO          640    .ARM.Collect$$libinit$$0000001D  c_w.l(libinit2.o)
    0x080001b6   0x080001b6   0x00000000   Code   RO          642    .ARM.Collect$$libinit$$0000001F  c_w.l(libinit2.o)
    0x080001b6   0x080001b6   0x00000000   Code   RO          644    .ARM.Collect$$libinit$$00000021  c_w.l(libinit2.o)
    0x080001b6   0x080001b6   0x00000000   Code   RO          646    .ARM.Collect$$libinit$$00000023  c_w.l(libinit2.o)
    0x080001b6   0x080001b6   0x00000000   Code   RO          648    .ARM.Collect$$libinit$$00000025  c_w.l(libinit2.o)
    0x080001b6   0x080001b6   0x00000000   Code   RO          650    .ARM.Collect$$libinit$$00000027  c_w.l(libinit2.o)
    0x080001b6   0x080001b6   0x00000000   Code   RO          654    .ARM.Collect$$libinit$$0000002E  c_w.l(libinit2.o)
    0x080001b6   0x080001b6   0x00000000   Code   RO          656    .ARM.Collect$$libinit$$00000030  c_w.l(libinit2.o)
    0x080001b6   0x080001b6   0x00000000   Code   RO          658    .ARM.Collect$$libinit$$00000032  c_w.l(libinit2.o)
    0x080001b6   0x080001b6   0x00000000   Code   RO          660    .ARM.Collect$$libinit$$00000034  c_w.l(libinit2.o)
    0x080001b6   0x080001b6   0x00000002   Code   RO          661    .ARM.Collect$$libinit$$00000035  c_w.l(libinit2.o)
    0x080001b8   0x080001b8   0x00000002   Code   RO          789    .ARM.Collect$$libshutdown$$00000000  c_w.l(libshutdown.o)
    0x080001ba   0x080001ba   0x00000000   Code   RO          791    .ARM.Collect$$libshutdown$$00000002  c_w.l(libshutdown2.o)
    0x080001ba   0x080001ba   0x00000000   Code   RO          793    .ARM.Collect$$libshutdown$$00000004  c_w.l(libshutdown2.o)
    0x080001ba   0x080001ba   0x00000000   Code   RO          796    .ARM.Collect$$libshutdown$$00000007  c_w.l(libshutdown2.o)
    0x080001ba   0x080001ba   0x00000000   Code   RO          799    .ARM.Collect$$libshutdown$$0000000A  c_w.l(libshutdown2.o)
    0x080001ba   0x080001ba   0x00000000   Code   RO          801    .ARM.Collect$$libshutdown$$0000000C  c_w.l(libshutdown2.o)
    0x080001ba   0x080001ba   0x00000000   Code   RO          804    .ARM.Collect$$libshutdown$$0000000F  c_w.l(libshutdown2.o)
    0x080001ba   0x080001ba   0x00000002   Code   RO          805    .ARM.Collect$$libshutdown$$00000010  c_w.l(libshutdown2.o)
    0x080001bc   0x080001bc   0x00000000   Code   RO          368    .ARM.Collect$$rtentry$$00000000  c_w.l(__rtentry.o)
    0x080001bc   0x080001bc   0x00000000   Code   RO          532    .ARM.Collect$$rtentry$$00000002  c_w.l(__rtentry2.o)
    0x080001bc   0x080001bc   0x00000006   Code   RO          544    .ARM.Collect$$rtentry$$00000004  c_w.l(__rtentry4.o)
    0x080001c2   0x080001c2   0x00000000   Code   RO          534    .ARM.Collect$$rtentry$$00000009  c_w.l(__rtentry2.o)
    0x080001c2   0x080001c2   0x00000004   Code   RO          535    .ARM.Collect$$rtentry$$0000000A  c_w.l(__rtentry2.o)
    0x080001c6   0x080001c6   0x00000000   Code   RO          537    .ARM.Collect$$rtentry$$0000000C  c_w.l(__rtentry2.o)
    0x080001c6   0x080001c6   0x00000008   Code   RO          538    .ARM.Collect$$rtentry$$0000000D  c_w.l(__rtentry2.o)
    0x080001ce   0x080001ce   0x00000002   Code   RO          727    .ARM.Collect$$rtexit$$00000000  c_w.l(rtexit.o)
    0x080001d0   0x080001d0   0x00000000   Code   RO          756    .ARM.Collect$$rtexit$$00000002  c_w.l(rtexit2.o)
    0x080001d0   0x080001d0   0x00000004   Code   RO          757    .ARM.Collect$$rtexit$$00000003  c_w.l(rtexit2.o)
    0x080001d4   0x080001d4   0x00000006   Code   RO          758    .ARM.Collect$$rtexit$$00000004  c_w.l(rtexit2.o)
    0x080001da   0x080001da   0x00000002   PAD
    0x080001dc   0x080001dc   0x00000070   Code   RO            4    .text               startup_stm32f103xb.o
    0x0800024c   0x0800024c   0x00000002   Code   RO           98    .text               c_w.l(use_no_semi_2.o)
    0x0800024e   0x0800024e   0x00000002   PAD
    0x08000250   0x08000250   0x00000010   Code   RO          100    .text               c_w.l(rt_ctype_table.o)
    0x08000260   0x08000260   0x0000001a   Code   RO          102    .text               c_w.l(tolower.o)
    0x0800027a   0x0800027a   0x0000001e   Code   RO          104    .text               c_w.l(toupper.o)
    0x08000298   0x08000298   0x00000018   Code   RO          108    .text               c_w.l(noretval__2printf.o)
    0x080002b0   0x080002b0   0x00000068   Code   RO          110    .text               c_w.l(__printf.o)
    0x08000318   0x08000318   0x00000052   Code   RO          112    .text               c_w.l(_printf_str.o)
    0x0800036a   0x0800036a   0x00000002   PAD
    0x0800036c   0x0800036c   0x00000078   Code   RO          114    .text               c_w.l(_printf_dec.o)
    0x080003e4   0x080003e4   0x00000058   Code   RO          119    .text               c_w.l(_printf_hex_int.o)
    0x0800043c   0x0800043c   0x0000002c   Code   RO          166    .text               c_w.l(puts.o)
    0x08000468   0x08000468   0x00000080   Code   RO          168    .text               c_w.l(assert.o)
    0x080004e8   0x080004e8   0x00000006   Code   RO          170    .text               c_w.l(heapauxi.o)
    0x080004ee   0x080004ee   0x00000002   Code   RO          366    .text               c_w.l(use_no_semi.o)
    0x080004f0   0x080004f0   0x00000008   Code   RO          372    .text               c_w.l(rt_locale_intlibspace.o)
    0x080004f8   0x080004f8   0x00000016   Code   RO          374    .text               c_w.l(_rserrno.o)
    0x0800050e   0x0800050e   0x000000b2   Code   RO          376    .text               c_w.l(_printf_intcommon.o)
    0x080005c0   0x080005c0   0x0000041c   Code   RO          378    .text               c_w.l(_printf_fp_dec.o)
    0x080009dc   0x080009dc   0x0000002c   Code   RO          382    .text               c_w.l(_printf_char.o)
    0x08000a08   0x08000a08   0x00000024   Code   RO          384    .text               c_w.l(_printf_char_file.o)
    0x08000a2c   0x08000a2c   0x00000016   Code   RO          404    .text               c_w.l(abort.o)
    0x08000a42   0x08000a42   0x00000014   Code   RO          406    .text               c_w.l(assert_puts.o)
    0x08000a56   0x08000a56   0x00000002   PAD
    0x08000a58   0x08000a58   0x00000008   Code   RO          528    .text               c_w.l(libspace.o)
    0x08000a60   0x08000a60   0x00000008   Code   RO          549    .text               c_w.l(rt_errno_addr_intlibspace.o)
    0x08000a68   0x08000a68   0x0000008a   Code   RO          551    .text               c_w.l(lludiv10.o)
    0x08000af2   0x08000af2   0x00000002   PAD
    0x08000af4   0x08000af4   0x00000030   Code   RO          553    .text               c_w.l(_printf_char_common.o)
    0x08000b24   0x08000b24   0x00000080   Code   RO          555    .text               c_w.l(_printf_fp_infnan.o)
    0x08000ba4   0x08000ba4   0x000000e4   Code   RO          567    .text               c_w.l(bigflt0.o)
    0x08000c88   0x08000c88   0x00000008   Code   RO          596    .text               c_w.l(ferror.o)
    0x08000c90   0x08000c90   0x0000000e   Code   RO          609    .text               c_w.l(defsig_abrt_outer.o)
    0x08000c9e   0x08000c9e   0x00000002   PAD
    0x08000ca0   0x08000ca0   0x00000080   Code   RO          613    .text               c_w.l(strcmpv7m.o)
    0x08000d20   0x08000d20   0x0000004a   Code   RO          672    .text               c_w.l(sys_stackheap_outer.o)
    0x08000d6a   0x08000d6a   0x00000012   Code   RO          691    .text               c_w.l(exit.o)
    0x08000d7c   0x08000d7c   0x0000000a   Code   RO          693    .text               c_w.l(defsig_exit.o)
    0x08000d86   0x08000d86   0x00000002   PAD
    0x08000d88   0x08000d88   0x00000030   Code   RO          695    .text               c_w.l(defsig_abrt_inner.o)
    0x08000db8   0x08000db8   0x00000032   Code   RO          737    .text               c_w.l(defsig_general.o)
    0x08000dea   0x08000dea   0x00000002   PAD
    0x08000dec   0x08000dec   0x0000004c   Code   RO           27    .text.SystemInit    main.o
    0x08000e38   0x08000e38   0x00000002   Code   RO           46    .text._sys_exit     sys.o
    0x08000e3a   0x08000e3a   0x00000002   PAD
    0x08000e3c   0x08000e3c   0x0000003c   Code   RO           42    .text._ttywrch      sys.o
    0x08000e78   0x08000e78   0x0000003c   Code   RO           52    .text.fputc         sys.o
    0x08000eb4   0x08000eb4   0x00000024   Code   RO           48    .text.get_system_time  sys.o
    0x08000ed8   0x08000ed8   0x00000090   Code   RO           29    .text.main          main.o
    0x08000f68   0x08000f68   0x0000004c   Code   RO           19    .text.sleep         main.o
    0x08000fb4   0x08000fb4   0x00000028   Code   RO           69    .text.test_bit_field  test-ctype.o
    0x08000fdc   0x08000fdc   0x00000210   Code   RO           71    .text.test_ctype    test-ctype.o
    0x080011ec   0x080011ec   0x0000061c   Code   RO           84    .text.test_math_double  test-math.o
    0x08001808   0x08001808   0x0000003e   Code   RO          570    CL$$btod_d2e        c_w.l(btod.o)
    0x08001846   0x08001846   0x00000046   Code   RO          572    CL$$btod_d2e_denorm_low  c_w.l(btod.o)
    0x0800188c   0x0800188c   0x00000060   Code   RO          571    CL$$btod_d2e_norm_op1  c_w.l(btod.o)
    0x080018ec   0x080018ec   0x00000338   Code   RO          580    CL$$btod_div_common  c_w.l(btod.o)
    0x08001c24   0x08001c24   0x000000dc   Code   RO          577    CL$$btod_e2e        c_w.l(btod.o)
    0x08001d00   0x08001d00   0x0000002a   Code   RO          574    CL$$btod_ediv       c_w.l(btod.o)
    0x08001d2a   0x08001d2a   0x0000002a   Code   RO          573    CL$$btod_emul       c_w.l(btod.o)
    0x08001d54   0x08001d54   0x00000244   Code   RO          579    CL$$btod_mult_common  c_w.l(btod.o)
    0x08001f98   0x08001f98   0x00000028   Code   RO          493    i.__ARM_fpclassify  m_ws.l(fpclassify.o)
    0x08001fc0   0x08001fc0   0x00000388   Code   RO          514    i.__ieee754_rem_pio2  m_ws.l(rred.o)
    0x08002348   0x08002348   0x000000fc   Code   RO          473    i.__kernel_cos      m_ws.l(cos_i.o)
    0x08002444   0x08002444   0x000000aa   Code   RO          511    i.__kernel_poly     m_ws.l(poly.o)
    0x080024ee   0x080024ee   0x00000002   PAD
    0x080024f0   0x080024f0   0x000000ec   Code   RO          522    i.__kernel_sin      m_ws.l(sin_i.o)
    0x080025dc   0x080025dc   0x0000027c   Code   RO          525    i.__kernel_tan      m_ws.l(tan_i.o)
    0x08002858   0x08002858   0x00000010   Code   RO          476    i.__mathlib_dbl_divzero  m_ws.l(dunder.o)
    0x08002868   0x08002868   0x00000006   Code   RO          477    i.__mathlib_dbl_infnan  m_ws.l(dunder.o)
    0x0800286e   0x0800286e   0x00000004   Code   RO          478    i.__mathlib_dbl_infnan2  m_ws.l(dunder.o)
    0x08002872   0x08002872   0x0000000c   Code   RO          479    i.__mathlib_dbl_invalid  m_ws.l(dunder.o)
    0x0800287e   0x0800287e   0x0000000e   Code   RO          480    i.__mathlib_dbl_overflow  m_ws.l(dunder.o)
    0x0800288c   0x0800288c   0x00000008   Code   RO          481    i.__mathlib_dbl_posinfnan  m_ws.l(dunder.o)
    0x08002894   0x08002894   0x00000010   Code   RO          482    i.__mathlib_dbl_underflow  m_ws.l(dunder.o)
    0x080028a4   0x080028a4   0x0000038c   Code   RO          490    i.__mathlib_expm1   m_ws.l(expm1_i.o)
    0x08002c30   0x08002c30   0x0000027c   Code   RO          201    i.acos              m_ws.l(acos.o)
    0x08002eac   0x08002eac   0x00000270   Code   RO          210    i.asin              m_ws.l(asin.o)
    0x0800311c   0x0800311c   0x00000220   Code   RO          219    i.atan              m_ws.l(atan.o)
    0x0800333c   0x0800333c   0x0000019c   Code   RO          224    i.atan2             m_ws.l(atan2.o)
    0x080034d8   0x080034d8   0x000000dc   Code   RO          236    i.ceil              m_ws.l(ceil.o)
    0x080035b4   0x080035b4   0x0000009c   Code   RO          244    i.cos               m_ws.l(cos.o)
    0x08003650   0x08003650   0x0000013c   Code   RO          252    i.cosh              m_ws.l(cosh.o)
    0x0800378c   0x0800378c   0x00000284   Code   RO          261    i.exp               m_ws.l(exp.o)
    0x08003a10   0x08003a10   0x000000dc   Code   RO          271    i.floor             m_ws.l(floor.o)
    0x08003aec   0x08003aec   0x00000094   Code   RO          279    i.fmod              m_ws.l(fmod.o)
    0x08003b80   0x08003b80   0x00000074   Code   RO          288    i.ldexp             m_ws.l(ldexp.o)
    0x08003bf4   0x08003bf4   0x0000035c   Code   RO          297    i.log               m_ws.l(log.o)
    0x08003f50   0x08003f50   0x000000e4   Code   RO          302    i.log10             m_ws.l(log10.o)
    0x08004034   0x08004034   0x000009ec   Code   RO          316    i.pow               m_ws.l(pow.o)
    0x08004a20   0x08004a20   0x000000a0   Code   RO          326    i.sin               m_ws.l(sin.o)
    0x08004ac0   0x08004ac0   0x00000168   Code   RO          334    i.sinh              m_ws.l(sinh.o)
    0x08004c28   0x08004c28   0x0000004c   Code   RO          343    i.sqrt              m_ws.l(sqrt.o)
    0x08004c74   0x08004c74   0x00000064   Code   RO          351    i.tan               m_ws.l(tan.o)
    0x08004cd8   0x08004cd8   0x000000d4   Code   RO          359    i.tanh              m_ws.l(tanh.o)
    0x08004dac   0x08004dac   0x0000002c   Code   RO          402    locale$$code        c_w.l(lc_ctype_c.o)
    0x08004dd8   0x08004dd8   0x0000002c   Code   RO          607    locale$$code        c_w.l(lc_numeric_c.o)
    0x08004e04   0x08004e04   0x00000150   Code   RO          408    x$fpl$dadd          fz_ws.l(daddsub_clz.o)
    0x08004f54   0x08004f54   0x00000010   Code   RO          662    x$fpl$dcheck1       fz_ws.l(dcheck1.o)
    0x08004f64   0x08004f64   0x00000018   Code   RO          664    x$fpl$dcmpinf       fz_ws.l(dcmpi.o)
    0x08004f7c   0x08004f7c   0x000002b4   Code   RO          415    x$fpl$ddiv          fz_ws.l(ddiv.o)
    0x08005230   0x08005230   0x00000078   Code   RO          418    x$fpl$deqf          fz_ws.l(deqf.o)
    0x080052a8   0x080052a8   0x0000005e   Code   RO          420    x$fpl$dfix          fz_ws.l(dfix.o)
    0x08005306   0x08005306   0x0000002e   Code   RO          425    x$fpl$dflt          fz_ws.l(dflt_clz.o)
    0x08005334   0x08005334   0x00000026   Code   RO          424    x$fpl$dfltu         fz_ws.l(dflt_clz.o)
    0x0800535a   0x0800535a   0x00000002   PAD
    0x0800535c   0x0800535c   0x00000078   Code   RO          430    x$fpl$dgeqf         fz_ws.l(dgeqf.o)
    0x080053d4   0x080053d4   0x00000078   Code   RO          432    x$fpl$dleqf         fz_ws.l(dleqf.o)
    0x0800544c   0x0800544c   0x00000154   Code   RO          434    x$fpl$dmul          fz_ws.l(dmul.o)
    0x080055a0   0x080055a0   0x0000009c   Code   RO          666    x$fpl$dnaninf       fz_ws.l(dnaninf.o)
    0x0800563c   0x0800563c   0x00000150   Code   RO          436    x$fpl$drem          fz_ws.l(drem_clz.o)
    0x0800578c   0x0800578c   0x0000000c   Code   RO          438    x$fpl$dretinf       fz_ws.l(dretinf.o)
    0x08005798   0x08005798   0x0000006c   Code   RO          440    x$fpl$drleqf        fz_ws.l(drleqf.o)
    0x08005804   0x08005804   0x00000016   Code   RO          409    x$fpl$drsb          fz_ws.l(daddsub_clz.o)
    0x0800581a   0x0800581a   0x00000002   PAD
    0x0800581c   0x0800581c   0x000001cc   Code   RO          442    x$fpl$dsqrt         fz_ws.l(dsqrt_noumaal.o)
    0x080059e8   0x080059e8   0x000001dc   Code   RO          410    x$fpl$dsub          fz_ws.l(daddsub_clz.o)
    0x08005bc4   0x08005bc4   0x00000054   Code   RO          174    x$fpl$fcmp          fz_ws.l(dcmp.o)
    0x08005c18   0x08005c18   0x00000004   Code   RO          198    x$fpl$printf1       fz_ws.l(printf1.o)
    0x08005c1c   0x08005c1c   0x00000064   Code   RO          713    x$fpl$retnan        fz_ws.l(retnan.o)
    0x08005c80   0x08005c80   0x0000005c   Code   RO          466    x$fpl$scalbn        fz_ws.l(scalbn.o)
    0x08005cdc   0x08005cdc   0x00000030   Code   RO          745    x$fpl$trapveneer    fz_ws.l(trapv.o)
    0x08005d0c   0x08005d0c   0x00000000   Code   RO          472    x$fpl$usenofp       fz_ws.l(usenofp.o)
    0x08005d0c   0x08005d0c   0x00000028   Data   RO          120    .constdata          c_w.l(_printf_hex_int.o)
    0x08005d34   0x08005d34   0x00000004   PAD
    0x08005d38   0x08005d38   0x00000050   Data   RO          202    .constdata          m_ws.l(acos.o)
    0x08005d88   0x08005d88   0x00000050   Data   RO          211    .constdata          m_ws.l(asin.o)
    0x08005dd8   0x08005dd8   0x00000098   Data   RO          220    .constdata          m_ws.l(atan.o)
    0x08005e70   0x08005e70   0x00000008   Data   RO          253    .constdata          m_ws.l(cosh.o)
    0x08005e78   0x08005e78   0x00000058   Data   RO          262    .constdata          m_ws.l(exp.o)
    0x08005ed0   0x08005ed0   0x00000038   Data   RO          298    .constdata          m_ws.l(log.o)
    0x08005f08   0x08005f08   0x00000088   Data   RO          317    .constdata          m_ws.l(pow.o)
    0x08005f90   0x08005f90   0x00000008   Data   RO          335    .constdata          m_ws.l(sinh.o)
    0x08005f98   0x08005f98   0x00000030   Data   RO          474    .constdata          m_ws.l(cos_i.o)
    0x08005fc8   0x08005fc8   0x00000028   Data   RO          491    .constdata          m_ws.l(expm1_i.o)
    0x08005ff0   0x08005ff0   0x00000008   Data   RO          513    .constdata          m_ws.l(qnan.o)
    0x08005ff8   0x08005ff8   0x000000cc   Data   RO          516    .constdata          m_ws.l(rred.o)
    0x080060c4   0x080060c4   0x00000004   PAD
    0x080060c8   0x080060c8   0x00000028   Data   RO          523    .constdata          m_ws.l(sin_i.o)
    0x080060f0   0x080060f0   0x00000060   Data   RO          526    .constdata          m_ws.l(tan_i.o)
    0x08006150   0x08006150   0x00000094   Data   RO          568    .constdata          c_w.l(bigflt0.o)
    0x080061e4   0x080061e4   0x0000005b   Data   RO           74    .rodata.str1.1      test-ctype.o
    0x0800623f   0x0800623f   0x00000418   Data   RO           88    .rodata.str1.1      test-math.o
    0x08006657   0x08006657   0x00000001   PAD
    0x08006658   0x08006658   0x00000010   Data   RO          807    Region$$Table       anon$$obj.o
    0x08006668   0x08006668   0x00000110   Data   RO          401    locale$$data        c_w.l(lc_ctype_c.o)
    0x08006778   0x08006778   0x0000001c   Data   RO          606    locale$$data        c_w.l(lc_numeric_c.o)


    Execution Region RW_IRAM1 (Exec base: 0x20000000, Load base: 0x08006794, Size: 0x000008c8, Max: 0x00001000, ABSOLUTE)

    Exec Addr    Load Addr    Size         Type   Attr      Idx    E Section Name        Object

    0x20000000        -       0x00000060   Zero   RW          529    .bss                c_w.l(libspace.o)
    0x20000060        -       0x00000054   Zero   RW           59    .bss.__stdout       sys.o
    0x200000b4        -       0x00000001   Zero   RW           56    .bss.cpu_ver        sys.o
    0x200000b5   0x08006794   0x00000003   PAD
    0x200000b8        -       0x00000004   Zero   RW           73    .bss.status         test-ctype.o
    0x200000bc        -       0x00000004   Zero   RW           57    .bss.temp_tck       sys.o
    0x200000c0        -       0x00000008   Zero   RW           89    .bss.test_math_double.d_v  test-math.o
    0x200000c8        -       0x00000000   Zero   RW            2    HEAP                startup_stm32f103xb.o
    0x200000c8        -       0x00000800   Zero   RW            1    STACK               startup_stm32f103xb.o


==============================================================================

Image component sizes


      Code (inc. data)   RO Data    RW Data    ZI Data      Debug   Object Name

       296        120          0          0          0       4048   main.o
       112         22        236          0       2048        952   startup_stm32f103xb.o
       158          0          0          0         89       3626   sys.o
       568        172         91          0          4       1399   test-ctype.o
      1564        152       1048          0          8       2854   test-math.o

    ----------------------------------------------------------------------
      2700        466       1392          0       2152      12879   Object Totals
         0          0         16          0          0          0   (incl. Generated)
         2          0          1          0          3          0   (incl. Padding)

    ----------------------------------------------------------------------

      Code (inc. data)   RO Data    RW Data    ZI Data      Debug   Library Member Name

         8          0          0          0          0         68   __main.o
       104          0          0          0          0         84   __printf.o
         0          0          0          0          0          0   __rtentry.o
        12          0          0          0          0          0   __rtentry2.o
         6          0          0          0          0          0   __rtentry4.o
        94          8          0          0          0          0   __scatter.o
        28          0          0          0          0          0   __scatter_zi.o
         6          0          0          0          0          0   _printf_c.o
        44          0          0          0          0        108   _printf_char.o
        48          6          0          0          0         96   _printf_char_common.o
        36          4          0          0          0         80   _printf_char_file.o
         6          0          0          0          0          0   _printf_d.o
       120         16          0          0          0         92   _printf_dec.o
         6          0          0          0          0          0   _printf_f.o
      1052          0          0          0          0        148   _printf_fp_dec.o
       128         16          0          0          0         84   _printf_fp_infnan.o
        88          4         40          0          0         88   _printf_hex_int.o
       178          0          0          0          0         88   _printf_intcommon.o
         0          0          0          0          0          0   _printf_percent.o
         4          0          0          0          0          0   _printf_percent_end.o
         6          0          0          0          0          0   _printf_s.o
        82          0          0          0          0         80   _printf_str.o
         6          0          0          0          0          0   _printf_u.o
         6          0          0          0          0          0   _printf_x.o
        22          0          0          0          0        100   _rserrno.o
        22          0          0          0          0         80   abort.o
       128         42          0          0          0         76   assert.o
        20          0          0          0          0         76   assert_puts.o
       228          4        148          0          0         96   bigflt0.o
      1936        128          0          0          0        668   btod.o
        48         34          0          0          0         76   defsig_abrt_inner.o
        14          0          0          0          0         80   defsig_abrt_outer.o
        10          0          0          0          0         68   defsig_exit.o
        50          0          0          0          0         88   defsig_general.o
        18          0          0          0          0         80   exit.o
         8          0          0          0          0         68   ferror.o
         6          0          0          0          0        152   heapauxi.o
        44         10        272          0          0         76   lc_ctype_c.o
        44         10         28          0          0         76   lc_numeric_c.o
         2          0          0          0          0          0   libinit.o
        30          0          0          0          0          0   libinit2.o
         2          0          0          0          0          0   libshutdown.o
         2          0          0          0          0          0   libshutdown2.o
         8          4          0          0         96         68   libspace.o
       138          0          0          0          0         80   lludiv10.o
        24          4          0          0          0         84   noretval__2printf.o
        44          4          0          0          0         84   puts.o
        16          4          0          0          0         76   rt_ctype_table.o
         8          4          0          0          0         68   rt_errno_addr_intlibspace.o
         8          4          0          0          0         68   rt_locale_intlibspace.o
         2          0          0          0          0          0   rtexit.o
        10          0          0          0          0          0   rtexit2.o
       128          0          0          0          0         68   strcmpv7m.o
        74          0          0          0          0         80   sys_stackheap_outer.o
        26          0          0          0          0         76   tolower.o
        30          0          0          0          0         76   toupper.o
         2          0          0          0          0         68   use_no_semi.o
         2          0          0          0          0         68   use_no_semi_2.o
       834         16          0          0          0        372   daddsub_clz.o
        16          4          0          0          0         68   dcheck1.o
        84          0          0          0          0        196   dcmp.o
        24          0          0          0          0         68   dcmpi.o
       692        140          0          0          0        216   ddiv.o
       120          4          0          0          0         92   deqf.o
        94          4          0          0          0         92   dfix.o
        84          0          0          0          0        136   dflt_clz.o
       120          4          0          0          0         92   dgeqf.o
       120          4          0          0          0         92   dleqf.o
       340         12          0          0          0        104   dmul.o
       156          4          0          0          0         92   dnaninf.o
       336         12          0          0          0         88   drem_clz.o
        12          0          0          0          0         68   dretinf.o
       108          0          0          0          0         80   drleqf.o
       460         56          0          0          0        120   dsqrt_noumaal.o
         4          0          0          0          0         68   printf1.o
       100          0          0          0          0         68   retnan.o
        92          0          0          0          0         68   scalbn.o
        48          0          0          0          0         68   trapv.o
         0          0          0          0          0          0   usenofp.o
       636         62         80          0          0        188   acos.o
       624         52         80          0          0        168   asin.o
       544         70        152          0          0        124   atan.o
       412         38          0          0          0        144   atan2.o
       220         16          0          0          0         84   ceil.o
       156          8          0          0          0        104   cos.o
       252         22         48          0          0        124   cos_i.o
       316         38          8          0          0        176   cosh.o
        76         10          0          0          0        476   dunder.o
       644         90         88          0          0        204   exp.o
       908         96         40          0          0        228   expm1_i.o
       220         16          0          0          0         84   floor.o
       148          4          0          0          0         88   fmod.o
        40          0          0          0          0         68   fpclassify.o
       116          0          0          0          0         84   ldexp.o
       860         52         56          0          0        256   log.o
       228         30          0          0          0        120   log10.o
       170          0          0          0          0         96   poly.o
      2540        188        136          0          0        332   pow.o
         0          0          8          0          0          0   qnan.o
       904         76        204          0          0        140   rred.o
       160         10          0          0          0        108   sin.o
       236         12         40          0          0        128   sin_i.o
       360         42          8          0          0        184   sinh.o
        76          0          0          0          0         84   sqrt.o
       100         10          0          0          0         96   tan.o
       636         50         96          0          0        168   tan_i.o
       212         14          0          0          0         96   tanh.o

    ----------------------------------------------------------------------
     20884       1572       1540          0         96      10240   Library Totals
        24          0          8          0          0          0   (incl. Padding)

    ----------------------------------------------------------------------

      Code (inc. data)   RO Data    RW Data    ZI Data      Debug   Library Name

      5222        306        488          0         96       3840   c_w.l
      3844        260          0          0          0       2248   fz_ws.l
     11794       1006       1044          0          0       4152   m_ws.l

    ----------------------------------------------------------------------
     20884       1572       1540          0         96      10240   Library Totals

    ----------------------------------------------------------------------

==============================================================================


      Code (inc. data)   RO Data    RW Data    ZI Data      Debug   

     23584       2038       2932          0       2248      18011   Grand Totals
     23584       2038       2932          0       2248      18011   ELF Image Totals
     23584       2038       2932          0          0          0   ROM Totals

==============================================================================

    Total RO  Size (Code + RO Data)                26516 (  25.89kB)
    Total RW  Size (RW Data + ZI Data)              2248 (   2.20kB)
    Total ROM Size (Code + RO Data + RW Data)      26516 (  25.89kB)

==============================================================================

